Archive member included to satisfy reference by file (symbol)

/home/ros/Pexahod/uROSws/src/micro-pexahod/libmicroros/libmicroros.a(librcl-publisher.c.obj)
                              CMakeFiles/app.dir/src/main.cpp.obj (rcl_publish)
/home/ros/Pexahod/uROSws/src/micro-pexahod/libmicroros/libmicroros.a(librclc-executor.c.obj)
                              CMakeFiles/app.dir/src/main.cpp.obj (rclc_executor_init)
/home/ros/Pexahod/uROSws/src/micro-pexahod/libmicroros/libmicroros.a(librclc-executor_handle.c.obj)
                              /home/ros/Pexahod/uROSws/src/micro-pexahod/libmicroros/libmicroros.a(librclc-executor.c.obj) (rclc_executor_handle_counters_zero_init)
/home/ros/Pexahod/uROSws/src/micro-pexahod/libmicroros/libmicroros.a(librclc-init.c.obj)
                              CMakeFiles/app.dir/src/main.cpp.obj (rclc_support_init)
/home/ros/Pexahod/uROSws/src/micro-pexahod/libmicroros/libmicroros.a(librclc-node.c.obj)
                              CMakeFiles/app.dir/src/main.cpp.obj (rclc_node_init_default)
/home/ros/Pexahod/uROSws/src/micro-pexahod/libmicroros/libmicroros.a(librclc-publisher.c.obj)
                              CMakeFiles/app.dir/src/main.cpp.obj (rclc_publisher_init_default)
/home/ros/Pexahod/uROSws/src/micro-pexahod/libmicroros/libmicroros.a(librclc-sleep.c.obj)
                              /home/ros/Pexahod/uROSws/src/micro-pexahod/libmicroros/libmicroros.a(librclc-executor.c.obj) (rclc_sleep_ms)
/home/ros/Pexahod/uROSws/src/micro-pexahod/libmicroros/libmicroros.a(librclc-timer.c.obj)
                              CMakeFiles/app.dir/src/main.cpp.obj (rclc_timer_init_default2)
/home/ros/Pexahod/uROSws/src/micro-pexahod/libmicroros/libmicroros.a(librcutils-allocator.c.obj)
                              CMakeFiles/app.dir/src/main.cpp.obj (rcutils_get_default_allocator)
/home/ros/Pexahod/uROSws/src/micro-pexahod/libmicroros/libmicroros.a(librcutils-error_handling.c.obj)
                              /home/ros/Pexahod/uROSws/src/micro-pexahod/libmicroros/libmicroros.a(librcl-publisher.c.obj) (rcutils_reset_error)
/home/ros/Pexahod/uROSws/src/micro-pexahod/libmicroros/libmicroros.a(librcutils-time_unix.c.obj)
                              /home/ros/Pexahod/uROSws/src/micro-pexahod/libmicroros/libmicroros.a(librclc-executor.c.obj) (rcutils_system_time_now)
/home/ros/Pexahod/uROSws/src/micro-pexahod/libmicroros/libmicroros.a(librmw-publisher_options.c.obj)
                              /home/ros/Pexahod/uROSws/src/micro-pexahod/libmicroros/libmicroros.a(librcl-publisher.c.obj) (rmw_get_default_publisher_options)
/home/ros/Pexahod/uROSws/src/micro-pexahod/libmicroros/libmicroros.a(librmw_microxrcedds-custom_transport.c.obj)
                              CMakeFiles/app.dir/src/main.cpp.obj (rmw_uros_set_custom_transport)
/home/ros/Pexahod/uROSws/src/micro-pexahod/libmicroros/libmicroros.a(librmw_microxrcedds-ping.c.obj)
                              CMakeFiles/app.dir/src/main.cpp.obj (rmw_uros_ping_agent)
/home/ros/Pexahod/uROSws/src/micro-pexahod/libmicroros/libmicroros.a(librmw_microxrcedds-rmw_publish.c.obj)
                              /home/ros/Pexahod/uROSws/src/micro-pexahod/libmicroros/libmicroros.a(librcl-publisher.c.obj) (rmw_publish)
/home/ros/Pexahod/uROSws/src/micro-pexahod/libmicroros/libmicroros.a(librmw_microxrcedds-rmw_publisher.c.obj)
                              /home/ros/Pexahod/uROSws/src/micro-pexahod/libmicroros/libmicroros.a(librcl-publisher.c.obj) (rmw_create_publisher)
/home/ros/Pexahod/uROSws/src/micro-pexahod/libmicroros/libmicroros.a(librmw_microxrcedds-rmw_uxrce_transports.c.obj)
                              /home/ros/Pexahod/uROSws/src/micro-pexahod/libmicroros/libmicroros.a(librmw_microxrcedds-ping.c.obj) (rmw_uxrce_transport_init)
/home/ros/Pexahod/uROSws/src/micro-pexahod/libmicroros/libmicroros.a(librmw_microxrcedds-types.c.obj)
                              /home/ros/Pexahod/uROSws/src/micro-pexahod/libmicroros/libmicroros.a(librmw_microxrcedds-ping.c.obj) (session_memory)
/home/ros/Pexahod/uROSws/src/micro-pexahod/libmicroros/libmicroros.a(librmw_microxrcedds-utils.c.obj)
                              /home/ros/Pexahod/uROSws/src/micro-pexahod/libmicroros/libmicroros.a(librmw_microxrcedds-rmw_publisher.c.obj) (run_xrce_session)
/home/ros/Pexahod/uROSws/src/micro-pexahod/libmicroros/libmicroros.a(librosidl_runtime_c-message_type_support.c.obj)
                              /home/ros/Pexahod/uROSws/src/micro-pexahod/libmicroros/libmicroros.a(librmw_microxrcedds-rmw_publisher.c.obj) (get_message_typesupport_handle)
/home/ros/Pexahod/uROSws/src/micro-pexahod/libmicroros/libmicroros.a(libstd_msgs__rosidl_typesupport_c-int32__type_support.cpp.obj)
                              CMakeFiles/app.dir/src/main.cpp.obj (rosidl_typesupport_c__get_message_type_support_handle__std_msgs__msg__Int32)
/home/ros/Pexahod/uROSws/src/micro-pexahod/libmicroros/libmicroros.a(libstd_msgs__rosidl_typesupport_introspection_c-int32__type_support.c.obj)
[...]
Memory Configuration

Name             Origin             Length             Attributes
FLASH            0x10000000         0x00200000         xr
RAM              0x20000000         0x00040000         xrw
SCRATCH_X        0x20040000         0x00001000         xrw
SCRATCH_Y        0x20041000         0x00001000         xrw
*default*        0x00000000         0xffffffff

Linker script and memory map

LOAD /usr/lib/gcc/arm-none-eabi/13.2.1/thumb/v6-m/nofp/crti.o
LOAD /usr/lib/gcc/arm-none-eabi/13.2.1/thumb/v6-m/nofp/crtbegin.o
LOAD /usr/lib/gcc/arm-none-eabi/13.2.1/../../../arm-none-eabi/lib/thumb/v6-m/nofp/crt0.o

.flash_begin    0x10000000        0x0
                0x10000000                        __flash_binary_start = .

.boot2          0x10000000      0x100
                0x10000000                        __boot2_start__ = .
 *(.boot2)
 .boot2         0x10000000      0x100 /tmp/cceCWLsg.o
                0x10000100                        __boot2_end__ = .
                0x00000001                        ASSERT (((__boot2_end__ - __boot2_start__) == 0x100), ERROR: Pico second stage bootloader must be 256 bytes in size)

.text           0x10000100    0x1aa48
                0x10000100                        __logical_binary_start = .
 *(.vectors)
 .vectors       0x10000100       0xd4 CMakeFiles/app.dir/home/ros/Pexahod/uROSws/src/pico-sdk/src/rp2_common/pico_standard_link/crt0.S.obj
                0x10000100                __vectors
                0x10000100                __VECTOR_TABLE
                0x100001c0                isr_invalid
                0x100001c0                __default_isrs_start
                0x100001c2                isr_nmi
                0x100001c4                isr_hardfault
                0x100001c6                isr_svcall
                0x100001c8                isr_pendsv
                0x100001ca                isr_systick
                0x100001cc                isr_irq30
                0x100001cc                __unhandled_user_irq
                0x100001cc                isr_irq13
                0x100001cc                isr_irq27
                0x100001cc                isr_irq31
                0x100001cc                isr_irq5
                0x100001cc                isr_irq11
                0x100001cc                isr_irq23
                0x100001cc                isr_irq18
                0x100001cc                isr_irq28
                0x100001cc                isr_irq19
                0x100001cc                isr_irq0
                0x100001cc                isr_irq6
                0x100001cc                isr_irq22
                0x100001cc                isr_irq17
                0x100001cc                isr_irq14
                0x100001cc                isr_irq2
                0x100001cc                isr_irq10
                0x100001cc                isr_irq8
                0x100001cc                isr_irq24
                0x100001cc                isr_irq1
                0x100001cc                isr_irq7
                0x100001cc                isr_irq21
                0x100001cc                isr_irq20
                0x100001cc                isr_irq15
                0x100001cc                isr_irq25
                0x100001cc                isr_irq4
                0x100001cc                isr_irq16
                0x100001cc                isr_irq29
                0x100001cc                isr_irq26
                0x100001cc                __default_isrs_end
                0x100001cc                isr_irq3
                0x100001cc                isr_irq12
                0x100001cc                isr_irq9
                0x100001d2                unhandled_user_irq_num_in_r0
 *(.binary_info_header)
 .binary_info_header
                0x100001d4       0x14 CMakeFiles/app.dir/home/ros/Pexahod/uROSws/src/pico-sdk/src/rp2_common/pico_standard_link/crt0.S.obj
                0x100001e8                        __binary_info_header_end = .
 *(.reset)
 .reset         0x100001e8       0xa0 CMakeFiles/app.dir/home/ros/Pexahod/uROSws/src/pico-sdk/src/rp2_common/pico_standard_link/crt0.S.obj
                0x100001e8                _entry_point
 .reset         0x10000288       0x30 CMakeFiles/app.dir/home/ros/Pexahod/uROSws/src/pico-sdk/src/rp2_common/pico_standard_link/binary_info.c.obj
 *(.init)
 .init          0x100002b8        0x4 /usr/lib/gcc/arm-none-eabi/13.2.1/thumb/v6-m/nofp/crti.o
                0x100002b8                _init
 *(EXCLUDE_FILE(*libm.a: *libc.a:*lib_a-mem*.o *libgcc.a:) .text*)
 .text          0x100002bc       0x98 /usr/lib/gcc/arm-none-eabi/13.2.1/thumb/v6-m/nofp/crtbegin.o
 .text._Z14timer_callbackP11rcl_timer_sx
                0x10000354       0x20 CMakeFiles/app.dir/src/main.cpp.obj
                0x10000354                timer_callback(rcl_timer_s*, long long)
 .text._Z10vBlinkTaskPv
                0x10000374       0x1c CMakeFiles/app.dir/src/main.cpp.obj
                0x10000374                vBlinkTask(void*)
 .text._Z16ros_command_taskPv
                0x10000390       0x18 CMakeFiles/app.dir/src/main.cpp.obj
                0x10000390                ros_command_task(void*)
 .text.startup._GLOBAL__sub_I_led_bar
                0x100003a8       0x6c CMakeFiles/app.dir/src/main.cpp.obj
 .text.startup.main
                0x10000414      0x220 CMakeFiles/app.dir/src/main.cpp.obj
                0x10000414                main
 .text.clock_gettime
                0x10000634       0x28 CMakeFiles/app.dir/src/pico_uart_transport.c.obj
                0x10000634                clock_gettime
 .text.pico_serial_transport_open
                0x1000065c       0x1c CMakeFiles/app.dir/src/pico_uart_transport.c.obj
                0x1000065c                pico_serial_transport_open
 .text.pico_serial_transport_close
                0x10000678        0x4 CMakeFiles/app.dir/src/pico_uart_transport.c.obj
                0x10000678                pico_serial_transport_close
 .text.pico_serial_transport_write
                0x1000067c       0x38 CMakeFiles/app.dir/src/pico_uart_transport.c.obj
                0x1000067c                pico_serial_transport_write
 .text.pico_serial_transport_read
                0x100006b4       0x64 CMakeFiles/app.dir/src/pico_uart_transport.c.obj
                0x100006b4                pico_serial_transport_read
 .text.gpio_set_function
                0x10000718       0x30 CMakeFiles/app.dir/home/ros/Pexahod/uROSws/src/pico-sdk/src/rp2_common/hardware_gpio/gpio.c.obj
                0x10000718                gpio_set_function
 .text.gpio_set_pulls
                0x10000748       0x24 CMakeFiles/app.dir/home/ros/Pexahod/uROSws/src/pico-sdk/src/rp2_common/hardware_gpio/gpio.c.obj
                0x10000748                gpio_set_pulls
 .text.gpio_init
                0x1000076c       0x3c CMakeFiles/app.dir/home/ros/Pexahod/uROSws/src/pico-sdk/src/rp2_common/hardware_gpio/gpio.c.obj
                0x1000076c                gpio_init
 .text.running_on_fpga
                0x100007a8       0x10 CMakeFiles/app.dir/home/ros/Pexahod/uROSws/src/pico-sdk/src/rp2_common/pico_platform/platform.c.obj
                0x100007a8                running_on_fpga
 .text.hw_claim_lock
                0x100007b8       0x18 CMakeFiles/app.dir/home/ros/Pexahod/uROSws/src/pico-sdk/src/rp2_common/hardware_claim/claim.c.obj
                0x100007b8                hw_claim_lock
 .text.hw_claim_unlock
                0x100007d0       0x14 CMakeFiles/app.dir/home/ros/Pexahod/uROSws/src/pico-sdk/src/rp2_common/hardware_claim/claim.c.obj
                0x100007d0                hw_claim_unlock
 .text.hw_is_claimed
                0x100007e4       0x18 CMakeFiles/app.dir/home/ros/Pexahod/uROSws/src/pico-sdk/src/rp2_common/hardware_claim/claim.c.obj
                0x100007e4                hw_is_claimed
 .text.hw_claim_or_assert
                0x100007fc       0x44 CMakeFiles/app.dir/home/ros/Pexahod/uROSws/src/pico-sdk/src/rp2_common/hardware_claim/claim.c.obj
                0x100007fc                hw_claim_or_assert
 .text.hw_claim_unused_from_range
                0x10000840       0x9c CMakeFiles/app.dir/home/ros/Pexahod/uROSws/src/pico-sdk/src/rp2_common/hardware_claim/claim.c.obj
                0x10000840                hw_claim_unused_from_range
 .text.hw_claim_clear
                0x100008dc       0x38 CMakeFiles/app.dir/home/ros/Pexahod/uROSws/src/pico-sdk/src/rp2_common/hardware_claim/claim.c.obj
                0x100008dc                hw_claim_clear
 .text.spin_locks_reset
                0x10000914       0x1c CMakeFiles/app.dir/home/ros/Pexahod/uROSws/src/pico-sdk/src/rp2_common/hardware_sync/sync.c.obj
                0x10000914                spin_locks_reset
 .text.next_striped_spin_lock_num
                0x10000930       0x18 CMakeFiles/app.dir/home/ros/Pexahod/uROSws/src/pico-sdk/src/rp2_common/hardware_sync/sync.c.obj
                0x10000930                next_striped_spin_lock_num
 .text.spin_lock_claim_unused
                0x10000948       0x24 CMakeFiles/app.dir/home/ros/Pexahod/uROSws/src/pico-sdk/src/rp2_common/hardware_sync/sync.c.obj
                0x10000948                spin_lock_claim_unused
 .text.irq_set_enabled
                0x1000096c       0x24 CMakeFiles/app.dir/home/ros/Pexahod/uROSws/src/pico-sdk/src/rp2_common/hardware_irq/irq.c.obj
                0x1000096c                irq_set_enabled
 .text.irq_set_pending
                0x10000990       0x10 CMakeFiles/app.dir/home/ros/Pexahod/uROSws/src/pico-sdk/src/rp2_common/hardware_irq/irq.c.obj
                0x10000990                irq_set_pending
 .text.irq_has_shared_handler
                0x100009a0       0x2c CMakeFiles/app.dir/home/ros/Pexahod/uROSws/src/pico-sdk/src/rp2_common/hardware_irq/irq.c.obj
                0x100009a0                irq_has_shared_handler
 .text.irq_get_vtable_handler
                0x100009cc       0x10 CMakeFiles/app.dir/home/ros/Pexahod/uROSws/src/pico-sdk/src/rp2_common/hardware_irq/irq.c.obj
                0x100009cc                irq_get_vtable_handler
 .text.irq_set_exclusive_handler
                0x100009dc       0x54 CMakeFiles/app.dir/home/ros/Pexahod/uROSws/src/pico-sdk/src/rp2_common/hardware_irq/irq.c.obj
                0x100009dc                irq_set_exclusive_handler
 .text.irq_add_shared_handler
                0x10000a30      0x1f4 CMakeFiles/app.dir/home/ros/Pexahod/uROSws/src/pico-sdk/src/rp2_common/hardware_irq/irq.c.obj
                0x10000a30                irq_add_shared_handler
 .text.irq_remove_handler
                0x10000c24      0x1c4 CMakeFiles/app.dir/home/ros/Pexahod/uROSws/src/pico-sdk/src/rp2_common/hardware_irq/irq.c.obj
                0x10000c24                irq_remove_handler
 .text.irq_set_priority
                0x10000de8       0x28 CMakeFiles/app.dir/home/ros/Pexahod/uROSws/src/pico-sdk/src/rp2_common/hardware_irq/irq.c.obj
                0x10000de8                irq_set_priority
 .text.irq_add_tail_to_free_list
                0x10000e10       0xb4 CMakeFiles/app.dir/home/ros/Pexahod/uROSws/src/pico-sdk/src/rp2_common/hardware_irq/irq.c.obj
                0x10000e10                irq_add_tail_to_free_list
 .text.irq_init_priorities
                0x10000ec4       0x24 CMakeFiles/app.dir/home/ros/Pexahod/uROSws/src/pico-sdk/src/rp2_common/hardware_irq/irq.c.obj
                0x10000ec4                irq_init_priorities
 .text.user_irq_claim_unused
                0x10000ee8       0x2c CMakeFiles/app.dir/home/ros/Pexahod/uROSws/src/pico-sdk/src/rp2_common/hardware_irq/irq.c.obj
                0x10000ee8                user_irq_claim_unused
 .text.lock_init
                0x10000f14       0x10 CMakeFiles/app.dir/home/ros/Pexahod/uROSws/src/pico-sdk/src/common/pico_sync/lock_core.c.obj
                0x10000f14                lock_init
 .text.mutex_init
                0x10000f24       0x1c CMakeFiles/app.dir/home/ros/Pexahod/uROSws/src/pico-sdk/src/common/pico_sync/mutex.c.obj
                0x10000f24                mutex_init
 .text.recursive_mutex_init
                0x10000f40       0x20 CMakeFiles/app.dir/home/ros/Pexahod/uROSws/src/pico-sdk/src/common/pico_sync/mutex.c.obj
                0x10000f40                recursive_mutex_init
 .text.critical_section_init
                0x10000f60       0x1c CMakeFiles/app.dir/home/ros/Pexahod/uROSws/src/pico-sdk/src/common/pico_sync/critical_section.c.obj
                0x10000f60                critical_section_init
 .text.critical_section_init_with_lock_num
                0x10000f7c       0x14 CMakeFiles/app.dir/home/ros/Pexahod/uROSws/src/pico-sdk/src/common/pico_sync/critical_section.c.obj
                0x10000f7c                critical_section_init_with_lock_num
 .text.timer_pool_entry_comparator
                0x10000f90       0x34 CMakeFiles/app.dir/home/ros/Pexahod/uROSws/src/pico-sdk/src/common/pico_time/time.c.obj
                0x10000f90                timer_pool_entry_comparator
 .text.repeating_timer_callback
                0x10000fc4       0x1c CMakeFiles/app.dir/home/ros/Pexahod/uROSws/src/pico-sdk/src/common/pico_time/time.c.obj
 .text.sleep_until_callback
                0x10000fe0       0x24 CMakeFiles/app.dir/home/ros/Pexahod/uROSws/src/pico-sdk/src/common/pico_time/time.c.obj
 .text.add_alarm_under_lock.isra.0
                0x10001004      0x100 CMakeFiles/app.dir/home/ros/Pexahod/uROSws/src/pico-sdk/src/common/pico_time/time.c.obj
 .text.alarm_pool_alarm_callback
                0x10001104      0x1c0 CMakeFiles/app.dir/home/ros/Pexahod/uROSws/src/pico-sdk/src/common/pico_time/time.c.obj
 .text.alarm_pool_init_default
                0x100012c4       0x6c CMakeFiles/app.dir/home/ros/Pexahod/uROSws/src/pico-sdk/src/common/pico_time/time.c.obj
                0x100012c4                alarm_pool_init_default
 .text.alarm_pool_get_default
                0x10001330        0x8 CMakeFiles/app.dir/home/ros/Pexahod/uROSws/src/pico-sdk/src/common/pico_time/time.c.obj
                0x10001330                alarm_pool_get_default
 .text.alarm_pool_add_alarm_at
                0x10001338      0x17c CMakeFiles/app.dir/home/ros/Pexahod/uROSws/src/pico-sdk/src/common/pico_time/time.c.obj
                0x10001338                alarm_pool_add_alarm_at
 .text.alarm_pool_core_num
                0x100014b4        0x4 CMakeFiles/app.dir/home/ros/Pexahod/uROSws/src/pico-sdk/src/common/pico_time/time.c.obj
                0x100014b4                alarm_pool_core_num
 .text.alarm_pool_add_repeating_timer_us
                0x100014b8      0x210 CMakeFiles/app.dir/home/ros/Pexahod/uROSws/src/pico-sdk/src/common/pico_time/time.c.obj
                0x100014b8                alarm_pool_add_repeating_timer_us
 .text.sleep_until
                0x100016c8       0xbc CMakeFiles/app.dir/home/ros/Pexahod/uROSws/src/pico-sdk/src/common/pico_time/time.c.obj
                0x100016c8                sleep_until
 .text.sleep_ms
                0x10001784       0x38 CMakeFiles/app.dir/home/ros/Pexahod/uROSws/src/pico-sdk/src/common/pico_time/time.c.obj
                0x10001784                sleep_ms
 .text.best_effort_wfe_or_timeout
                0x100017bc       0xcc CMakeFiles/app.dir/home/ros/Pexahod/uROSws/src/pico-sdk/src/common/pico_time/time.c.obj
                0x100017bc                best_effort_wfe_or_timeout
 .text.hardware_alarm_irq_handler
                0x10001888       0xbc CMakeFiles/app.dir/home/ros/Pexahod/uROSws/src/pico-sdk/src/rp2_common/hardware_timer/timer.c.obj
 .text.hardware_alarm_claim
                0x10001944       0x18 CMakeFiles/app.dir/home/ros/Pexahod/uROSws/src/pico-sdk/src/rp2_common/hardware_timer/timer.c.obj
                0x10001944                hardware_alarm_claim
 .text.time_us_64
                0x1000195c       0x14 CMakeFiles/app.dir/home/ros/Pexahod/uROSws/src/pico-sdk/src/rp2_common/hardware_timer/timer.c.obj
                0x1000195c                time_us_64
 .text.busy_wait_us
                0x10001970       0x68 CMakeFiles/app.dir/home/ros/Pexahod/uROSws/src/pico-sdk/src/rp2_common/hardware_timer/timer.c.obj
                0x10001970                busy_wait_us
 .text.busy_wait_until
                0x100019d8       0x20 CMakeFiles/app.dir/home/ros/Pexahod/uROSws/src/pico-sdk/src/rp2_common/hardware_timer/timer.c.obj
                0x100019d8                busy_wait_until
 .text.hardware_alarm_set_callback
                0x100019f8       0x8c CMakeFiles/app.dir/home/ros/Pexahod/uROSws/src/pico-sdk/src/rp2_common/hardware_timer/timer.c.obj
                0x100019f8                hardware_alarm_set_callback
 .text.hardware_alarm_set_target
                0x10001a84       0xd0 CMakeFiles/app.dir/home/ros/Pexahod/uROSws/src/pico-sdk/src/rp2_common/hardware_timer/timer.c.obj
                0x10001a84                hardware_alarm_set_target
 .text.hardware_alarm_cancel
                0x10001b54       0x3c CMakeFiles/app.dir/home/ros/Pexahod/uROSws/src/pico-sdk/src/rp2_common/hardware_timer/timer.c.obj
                0x10001b54                hardware_alarm_cancel
 .text.ph_merge_nodes
                0x10001b90       0x58 CMakeFiles/app.dir/home/ros/Pexahod/uROSws/src/pico-sdk/src/common/pico_util/pheap.c.obj
 .text.ph_post_alloc_init
                0x10001be8       0x3c CMakeFiles/app.dir/home/ros/Pexahod/uROSws/src/pico-sdk/src/common/pico_util/pheap.c.obj
                0x10001be8                ph_post_alloc_init
 .text.ph_merge_two_pass
                0x10001c24       0x8c CMakeFiles/app.dir/home/ros/Pexahod/uROSws/src/pico-sdk/src/common/pico_util/pheap.c.obj
                0x10001c24                ph_merge_two_pass
 .text.ph_remove_any_head
                0x10001cb0      0x100 CMakeFiles/app.dir/home/ros/Pexahod/uROSws/src/pico-sdk/src/common/pico_util/pheap.c.obj
 .text.ph_remove_head
                0x10001db0      0x104 CMakeFiles/app.dir/home/ros/Pexahod/uROSws/src/pico-sdk/src/common/pico_util/pheap.c.obj
                0x10001db0                ph_remove_head
 .text.ph_remove_and_free_node
                0x10001eb4       0x78 CMakeFiles/app.dir/home/ros/Pexahod/uROSws/src/pico-sdk/src/common/pico_util/pheap.c.obj
                0x10001eb4                ph_remove_and_free_node
 .text.uart_init
                0x10001f2c      0x174 CMakeFiles/app.dir/home/ros/Pexahod/uROSws/src/pico-sdk/src/rp2_common/hardware_uart/uart.c.obj
                0x10001f2c                uart_init
 .text.clocks_init
                0x100020a0      0x2c8 CMakeFiles/app.dir/home/ros/Pexahod/uROSws/src/pico-sdk/src/rp2_common/hardware_clocks/clocks.c.obj
                0x100020a0                clocks_init
 .text.clock_get_hz
                0x10002368        0xc CMakeFiles/app.dir/home/ros/Pexahod/uROSws/src/pico-sdk/src/rp2_common/hardware_clocks/clocks.c.obj
                0x10002368                clock_get_hz
 .text.pll_init
                0x10002374       0xa4 CMakeFiles/app.dir/home/ros/Pexahod/uROSws/src/pico-sdk/src/rp2_common/hardware_pll/pll.c.obj
                0x10002374                pll_init
 .text.watchdog_start_tick
                0x10002418       0x10 CMakeFiles/app.dir/home/ros/Pexahod/uROSws/src/pico-sdk/src/rp2_common/hardware_watchdog/watchdog.c.obj
                0x10002418                watchdog_start_tick
 .text.watchdog_reboot
                0x10002428       0x9c CMakeFiles/app.dir/home/ros/Pexahod/uROSws/src/pico-sdk/src/rp2_common/hardware_watchdog/watchdog.c.obj
                0x10002428                watchdog_reboot
 .text.xosc_init
                0x100024c4       0x28 CMakeFiles/app.dir/home/ros/Pexahod/uROSws/src/pico-sdk/src/rp2_common/hardware_xosc/xosc.c.obj
                0x100024c4                xosc_init
 .text.runtime_init
                0x100024ec       0xf0 CMakeFiles/app.dir/home/ros/Pexahod/uROSws/src/pico-sdk/src/rp2_common/pico_runtime/runtime.c.obj
                0x100024ec                runtime_init
 .text._exit    0x100025dc        0x4 CMakeFiles/app.dir/home/ros/Pexahod/uROSws/src/pico-sdk/src/rp2_common/pico_runtime/runtime.c.obj
                0x100025dc                _exit
 .text._sbrk    0x100025e0       0x34 CMakeFiles/app.dir/home/ros/Pexahod/uROSws/src/pico-sdk/src/rp2_common/pico_runtime/runtime.c.obj
                0x100025e0                _sbrk
 .text.exit     0x10002614        0x8 CMakeFiles/app.dir/home/ros/Pexahod/uROSws/src/pico-sdk/src/rp2_common/pico_runtime/runtime.c.obj
                0x10002614                exit
 .text.panic    0x1000261c       0x30 CMakeFiles/app.dir/home/ros/Pexahod/uROSws/src/pico-sdk/src/rp2_common/pico_runtime/runtime.c.obj
                0x1000261c                panic
 .text.panic_unsupported
                0x1000264c        0xc CMakeFiles/app.dir/home/ros/Pexahod/uROSws/src/pico-sdk/src/rp2_common/pico_runtime/runtime.c.obj
                0x1000264c                panic_unsupported
 .text.hard_assertion_failure
                0x10002658        0xc CMakeFiles/app.dir/home/ros/Pexahod/uROSws/src/pico-sdk/src/rp2_common/pico_runtime/runtime.c.obj
                0x10002658                hard_assertion_failure
 .text._out_buffer
                0x10002664        0x8 CMakeFiles/app.dir/home/ros/Pexahod/uROSws/src/pico-sdk/src/rp2_common/pico_printf/printf.c.obj
 .text._out_null
                0x1000266c        0x4 CMakeFiles/app.dir/home/ros/Pexahod/uROSws/src/pico-sdk/src/rp2_common/pico_printf/printf.c.obj
 .text._out_rev
                0x10002670       0xac CMakeFiles/app.dir/home/ros/Pexahod/uROSws/src/pico-sdk/src/rp2_common/pico_printf/printf.c.obj
 .text._ntoa_format
                0x1000271c      0x250 CMakeFiles/app.dir/home/ros/Pexahod/uROSws/src/pico-sdk/src/rp2_common/pico_printf/printf.c.obj
 .text._out_char
                0x1000296c       0x10 CMakeFiles/app.dir/home/ros/Pexahod/uROSws/src/pico-sdk/src/rp2_common/pico_printf/printf.c.obj
 .text._etoa    0x1000297c      0x464 CMakeFiles/app.dir/home/ros/Pexahod/uROSws/src/pico-sdk/src/rp2_common/pico_printf/printf.c.obj
 .text._ftoa    0x10002de0      0x3c0 CMakeFiles/app.dir/home/ros/Pexahod/uROSws/src/pico-sdk/src/rp2_common/pico_printf/printf.c.obj
 .text._vsnprintf
                0x100031a0      0xbc8 CMakeFiles/app.dir/home/ros/Pexahod/uROSws/src/pico-sdk/src/rp2_common/pico_printf/printf.c.obj
 .text.__wrap_snprintf
                0x10003d68       0x28 CMakeFiles/app.dir/home/ros/Pexahod/uROSws/src/pico-sdk/src/rp2_common/pico_printf/printf.c.obj
                0x10003d68                __wrap_snprintf
 .text.__wrap_vsnprintf
                0x10003d90       0x1c CMakeFiles/app.dir/home/ros/Pexahod/uROSws/src/pico-sdk/src/rp2_common/pico_printf/printf.c.obj
                0x10003d90                __wrap_vsnprintf
 .text.weak_raw_vprintf
                0x10003dac       0x30 CMakeFiles/app.dir/home/ros/Pexahod/uROSws/src/pico-sdk/src/rp2_common/pico_printf/printf.c.obj
                0x10003dac                weak_raw_vprintf
 .text          0x10003ddc       0x10 CMakeFiles/app.dir/home/ros/Pexahod/uROSws/src/pico-sdk/src/rp2_common/pico_bit_ops/bit_ops_aeabi.S.obj
 .text.ctzsi    0x10003dec        0xc CMakeFiles/app.dir/home/ros/Pexahod/uROSws/src/pico-sdk/src/rp2_common/pico_bit_ops/bit_ops_aeabi.S.obj
                0x10003dec                __wrap___ctzsi2
 .text.rom_func_lookup
                0x10003df8       0x10 CMakeFiles/app.dir/home/ros/Pexahod/uROSws/src/pico-sdk/src/rp2_common/pico_bootrom/bootrom.c.obj
                0x10003df8                rom_func_lookup
 .text.rom_data_lookup
                0x10003e08       0x10 CMakeFiles/app.dir/home/ros/Pexahod/uROSws/src/pico-sdk/src/rp2_common/pico_bootrom/bootrom.c.obj
                0x10003e08                rom_data_lookup
 .text.rom_funcs_lookup
                0x10003e18       0x44 CMakeFiles/app.dir/home/ros/Pexahod/uROSws/src/pico-sdk/src/rp2_common/pico_bootrom/bootrom.c.obj
                0x10003e18                rom_funcs_lookup
 .text.__wrap___aeabi_idiv
                0x10003e5c       0x50 CMakeFiles/app.dir/home/ros/Pexahod/uROSws/src/pico-sdk/src/rp2_common/pico_divider/divider.S.obj
                0x10003e5c                __wrap___aeabi_idivmod
                0x10003e5c                divmod_s32s32
                0x10003e5c                div_s32s32
                0x10003e5c                __wrap___aeabi_idiv
                0x10003e64                divmod_s32s32_unsafe
                0x10003e90                divmod_s32s32_savestate
 .text.__wrap___aeabi_uidiv
                0x10003eac       0x4c CMakeFiles/app.dir/home/ros/Pexahod/uROSws/src/pico-sdk/src/rp2_common/pico_divider/divider.S.obj
                0x10003eac                __wrap___aeabi_uidiv
                0x10003eac                __wrap___aeabi_uidivmod
                0x10003eac                div_u32u32
                0x10003eac                divmod_u32u32
                0x10003eb4                divmod_u32u32_unsafe
                0x10003edc                divmod_u32u32_savestate
 .text.__wrap___aeabi_ldiv
                0x10003ef8      0x424 CMakeFiles/app.dir/home/ros/Pexahod/uROSws/src/pico-sdk/src/rp2_common/pico_divider/divider.S.obj
                0x10003ef8                div_s64s64
                0x10003ef8                divmod_s64s64
                0x10003ef8                __wrap___aeabi_ldivmod
                0x10003f28                div_u64u64
                0x10003f28                divmod_u64u64
                0x10003f28                __wrap___aeabi_uldivmod
                0x10003f38                divmod_u64u64_savestate
                0x10003f58                divmod_s64s64_unsafe
                0x10003fe0                divmod_u64u64_unsafe
 .text.__wrap___aeabi_darithmetic
                0x1000431c       0x80 CMakeFiles/app.dir/home/ros/Pexahod/uROSws/src/pico-sdk/src/rp2_common/pico_double/double_aeabi.S.obj
                0x1000431c                __wrap___aeabi_drsub
                0x10004322                __wrap___aeabi_dsub
                0x10004334                __wrap___aeabi_dadd
                0x10004346                __wrap___aeabi_ddiv
                0x10004382                __wrap___aeabi_dmul
 .text.__wrap___aeabi_cdcmple
                0x1000439c       0x6c CMakeFiles/app.dir/home/ros/Pexahod/uROSws/src/pico-sdk/src/rp2_common/pico_double/double_aeabi.S.obj
                0x1000439c                __wrap___aeabi_cdrcmple
                0x100043ac                __wrap___aeabi_cdcmple
                0x100043ac                __wrap___aeabi_cdcmpeq
 .text.__wrap___aeabi_dcmplt
                0x10004408        0xc CMakeFiles/app.dir/home/ros/Pexahod/uROSws/src/pico-sdk/src/rp2_common/pico_double/double_aeabi.S.obj
                0x10004408                __wrap___aeabi_dcmplt
 .text.__wrap___aeabi_dcmpge
                0x10004414       0x10 CMakeFiles/app.dir/home/ros/Pexahod/uROSws/src/pico-sdk/src/rp2_common/pico_double/double_aeabi.S.obj
                0x10004414                __wrap___aeabi_dcmpge
 .text.__wrap___aeabi_dcmpgt
                0x10004424        0xa CMakeFiles/app.dir/home/ros/Pexahod/uROSws/src/pico-sdk/src/rp2_common/pico_double/double_aeabi.S.obj
                0x10004424                __wrap___aeabi_dcmpgt
 .text.__wrap___aeabi_dcmpun
                0x1000442e       0x1c CMakeFiles/app.dir/home/ros/Pexahod/uROSws/src/pico-sdk/src/rp2_common/pico_double/double_aeabi.S.obj
                0x1000442e                __wrap___aeabi_dcmpun
 *fill*         0x1000444a        0x2 
 .text.__wrap___aeabi_i2d
                0x1000444c       0x38 CMakeFiles/app.dir/home/ros/Pexahod/uROSws/src/pico-sdk/src/rp2_common/pico_double/double_aeabi.S.obj
                0x1000444c                __wrap___aeabi_ui2d
                0x10004454                __wrap___aeabi_i2d
 .text.__wrap___aeabi_d2iz
                0x10004484       0x48 CMakeFiles/app.dir/home/ros/Pexahod/uROSws/src/pico-sdk/src/rp2_common/pico_double/double_aeabi.S.obj
                0x10004484                __wrap___aeabi_d2iz
                0x10004484                double2int_z
 .text.__wrap___aeabi_d2uiz
                0x100044cc       0x18 CMakeFiles/app.dir/home/ros/Pexahod/uROSws/src/pico-sdk/src/rp2_common/pico_double/double_aeabi.S.obj
                0x100044cc                double2uint
                0x100044cc                __wrap___aeabi_d2uiz
 .text.__aeabi_double_init
                0x100044e4       0x98 CMakeFiles/app.dir/home/ros/Pexahod/uROSws/src/pico-sdk/src/rp2_common/pico_double/double_init_rom.c.obj
                0x100044e4                __aeabi_double_init
 .text.double_table_shim_on_use_helper
                0x1000457c       0x2c CMakeFiles/app.dir/home/ros/Pexahod/uROSws/src/pico-sdk/src/rp2_common/pico_double/double_v1_rom_shim.S.obj
                0x1000457c                double_table_shim_on_use_helper
 .text.__wrap___aeabi_dsub
                0x100045a8       0x10 CMakeFiles/app.dir/home/ros/Pexahod/uROSws/src/pico-sdk/src/rp2_common/pico_double/double_v1_rom_shim.S.obj
                0x100045a8                drsub_shim
                0x100045ae                dsub_shim
 .text.dadd_shim
                0x100045b8      0x15c CMakeFiles/app.dir/home/ros/Pexahod/uROSws/src/pico-sdk/src/rp2_common/pico_double/double_v1_rom_shim.S.obj
                0x100045b8                dadd_shim
 .text.dmul_shim
                0x10004714      0x15c CMakeFiles/app.dir/home/ros/Pexahod/uROSws/src/pico-sdk/src/rp2_common/pico_double/double_v1_rom_shim.S.obj
                0x10004714                dmul_shim
 .text.ddiv_shim
                0x10004870      0x1b0 CMakeFiles/app.dir/home/ros/Pexahod/uROSws/src/pico-sdk/src/rp2_common/pico_double/double_v1_rom_shim.S.obj
                0x10004870                ddiv_shim
 .text.double2uint_shim
                0x10004a20        0xe CMakeFiles/app.dir/home/ros/Pexahod/uROSws/src/pico-sdk/src/rp2_common/pico_double/double_v1_rom_shim.S.obj
                0x10004a20                double2uint_shim
                0x10004a22                double2ufix_shim
 *fill*         0x10004a2e        0x2 
 .text.double2uint64_shim
                0x10004a30       0x70 CMakeFiles/app.dir/home/ros/Pexahod/uROSws/src/pico-sdk/src/rp2_common/pico_double/double_v1_rom_shim.S.obj
                0x10004a30                double2uint64_shim
                0x10004a32                double2ufix64_shim
                0x10004a52                d2fix_a
 .text.dunpacks
                0x10004aa0       0x3c CMakeFiles/app.dir/home/ros/Pexahod/uROSws/src/pico-sdk/src/rp2_common/pico_double/double_v1_rom_shim.S.obj
                0x10004aa0                dunpacks
 .text.__aeabi_lmul
                0x10004adc       0x32 CMakeFiles/app.dir/home/ros/Pexahod/uROSws/src/pico-sdk/src/rp2_common/pico_int64_ops/pico_int64_ops_aeabi.S.obj
                0x10004adc                __wrap___aeabi_lmul
 *fill*         0x10004b0e        0x2 
 .text.__wrap___aeabi_farithmetic
                0x10004b10       0x48 CMakeFiles/app.dir/home/ros/Pexahod/uROSws/src/pico-sdk/src/rp2_common/pico_float/float_aeabi.S.obj
                0x10004b10                __wrap___aeabi_frsub
                0x10004b16                __wrap___aeabi_fsub
                0x10004b1c                __wrap___aeabi_fadd
                0x10004b22                __wrap___aeabi_fdiv
                0x10004b4a                __wrap___aeabi_fmul
 .text.__wrap___aeabi_cfcmple
                0x10004b58       0x50 CMakeFiles/app.dir/home/ros/Pexahod/uROSws/src/pico-sdk/src/rp2_common/pico_float/float_aeabi.S.obj
                0x10004b58                __wrap___aeabi_cfrcmple
                0x10004b64                __wrap___aeabi_cfcmpeq
                0x10004b64                __wrap___aeabi_cfcmple
 .text.__wrap___aeabi_fcmplt
                0x10004ba8        0xc CMakeFiles/app.dir/home/ros/Pexahod/uROSws/src/pico-sdk/src/rp2_common/pico_float/float_aeabi.S.obj
                0x10004ba8                __wrap___aeabi_fcmplt
 .text.__wrap___aeabi_fcmpge
                0x10004bb4       0x10 CMakeFiles/app.dir/home/ros/Pexahod/uROSws/src/pico-sdk/src/rp2_common/pico_float/float_aeabi.S.obj
                0x10004bb4                __wrap___aeabi_fcmpge
 .text.__wrap___aeabi_fcmpgt
                0x10004bc4        0xa CMakeFiles/app.dir/home/ros/Pexahod/uROSws/src/pico-sdk/src/rp2_common/pico_float/float_aeabi.S.obj
                0x10004bc4                __wrap___aeabi_fcmpgt
 .text.__wrap___aeabi_ui2f
                0x10004bce        0xa CMakeFiles/app.dir/home/ros/Pexahod/uROSws/src/pico-sdk/src/rp2_common/pico_float/float_aeabi.S.obj
                0x10004bce                __wrap___aeabi_ui2f
 .text.__wrap___aeabi_i2f
                0x10004bd8       0x44 CMakeFiles/app.dir/home/ros/Pexahod/uROSws/src/pico-sdk/src/rp2_common/pico_float/float_aeabi.S.obj
                0x10004bd8                __wrap___aeabi_i2f
 .text.__wrap___aeabi_f2iz
                0x10004c1c       0x4e CMakeFiles/app.dir/home/ros/Pexahod/uROSws/src/pico-sdk/src/rp2_common/pico_float/float_aeabi.S.obj
                0x10004c1c                __wrap___aeabi_f2iz
                0x10004c1c                float2int_z
 *fill*         0x10004c6a        0x2 
 .text.float2int
                0x10004c6c       0x14 CMakeFiles/app.dir/home/ros/Pexahod/uROSws/src/pico-sdk/src/rp2_common/pico_float/float_aeabi.S.obj
                0x10004c6c                float2int
 .text.__wrap___aeabi_f2uiz
                0x10004c80        0xc CMakeFiles/app.dir/home/ros/Pexahod/uROSws/src/pico-sdk/src/rp2_common/pico_float/float_aeabi.S.obj
                0x10004c80                __wrap___aeabi_f2uiz
 .text.__wrap___aeabi_ul2f
                0x10004c8c       0x20 CMakeFiles/app.dir/home/ros/Pexahod/uROSws/src/pico-sdk/src/rp2_common/pico_float/float_aeabi.S.obj
                0x10004c90                __wrap___aeabi_ul2f
 .text.__wrap___aeabi_f2ulz
                0x10004cac       0x14 CMakeFiles/app.dir/home/ros/Pexahod/uROSws/src/pico-sdk/src/rp2_common/pico_float/float_aeabi.S.obj
                0x10004cac                __wrap___aeabi_f2ulz
 .text.__aeabi_float_init
                0x10004cc0       0x64 CMakeFiles/app.dir/home/ros/Pexahod/uROSws/src/pico-sdk/src/rp2_common/pico_float/float_init_rom.c.obj
                0x10004cc0                __aeabi_float_init
 .text.float_table_shim_on_use_helper
                0x10004d24       0x2c CMakeFiles/app.dir/home/ros/Pexahod/uROSws/src/pico-sdk/src/rp2_common/pico_float/float_v1_rom_shim.S.obj
                0x10004d24                float_table_shim_on_use_helper
 .text.642float_shims
                0x10004d50       0x44 CMakeFiles/app.dir/home/ros/Pexahod/uROSws/src/pico-sdk/src/rp2_common/pico_float/float_v1_rom_shim.S.obj
                0x10004d50                uint642float_shim
                0x10004d52                ufix642float_shim
                0x10004d62                int642float_shim
                0x10004d64                fix642float_shim
 .text.float232_shims
                0x10004d94       0x18 CMakeFiles/app.dir/home/ros/Pexahod/uROSws/src/pico-sdk/src/rp2_common/pico_float/float_v1_rom_shim.S.obj
                0x10004d94                float2int_shim
                0x10004d96                float2fix_shim
 .text.float264_shims
                0x10004dac       0x4c CMakeFiles/app.dir/home/ros/Pexahod/uROSws/src/pico-sdk/src/rp2_common/pico_float/float_v1_rom_shim.S.obj
                0x10004dac                float2int64_shim
                0x10004dae                float2fix64_shim
                0x10004db6                float2uint64_shim
                0x10004db8                float2ufix64_shim
 .text.d2fix_a_float
                0x10004df8       0x5c CMakeFiles/app.dir/home/ros/Pexahod/uROSws/src/pico-sdk/src/rp2_common/pico_float/float_v1_rom_shim.S.obj
 .text.__wrap_malloc
                0x10004e54       0x3c CMakeFiles/app.dir/home/ros/Pexahod/uROSws/src/pico-sdk/src/rp2_common/pico_malloc/pico_malloc.c.obj
                0x10004e54                __wrap_malloc
 .text.__wrap_calloc
                0x10004e90       0x40 CMakeFiles/app.dir/home/ros/Pexahod/uROSws/src/pico-sdk/src/rp2_common/pico_malloc/pico_malloc.c.obj
                0x10004e90                __wrap_calloc
 .text.__wrap_realloc
                0x10004ed0       0x40 CMakeFiles/app.dir/home/ros/Pexahod/uROSws/src/pico-sdk/src/rp2_common/pico_malloc/pico_malloc.c.obj
                0x10004ed0                __wrap_realloc
 .text.__wrap_free
                0x10004f10       0x20 CMakeFiles/app.dir/home/ros/Pexahod/uROSws/src/pico-sdk/src/rp2_common/pico_malloc/pico_malloc.c.obj
                0x10004f10                __wrap_free
 .text          0x10004f30       0x10 CMakeFiles/app.dir/home/ros/Pexahod/uROSws/src/pico-sdk/src/rp2_common/pico_mem_ops/mem_ops_aeabi.S.obj
                0x10004f30                __aeabi_mem_init
 .text.memset   0x10004f40        0xc CMakeFiles/app.dir/home/ros/Pexahod/uROSws/src/pico-sdk/src/rp2_common/pico_mem_ops/mem_ops_aeabi.S.obj
                0x10004f40                __wrap_memset
 .text.memcpy   0x10004f4c        0xc CMakeFiles/app.dir/home/ros/Pexahod/uROSws/src/pico-sdk/src/rp2_common/pico_mem_ops/mem_ops_aeabi.S.obj
                0x10004f4c                __wrap___aeabi_memcpy
                0x10004f4c                __wrap_memcpy
 .text._Znaj    0x10004f58        0x8 CMakeFiles/app.dir/home/ros/Pexahod/uROSws/src/pico-sdk/src/rp2_common/pico_standard_link/new_delete.cpp.obj
                0x10004f58                operator new[](unsigned int)
 .text._ZdlPvj  0x10004f60        0x8 CMakeFiles/app.dir/home/ros/Pexahod/uROSws/src/pico-sdk/src/rp2_common/pico_standard_link/new_delete.cpp.obj
                0x10004f60                operator delete(void*, unsigned int)
 .text.stdio_out_chars_crlf
                0x10004f68       0x10 CMakeFiles/app.dir/home/ros/Pexahod/uROSws/src/pico-sdk/src/rp2_common/pico_stdio/stdio.c.obj
 .text.__wrap_putchar
                0x10004f78       0x98 CMakeFiles/app.dir/home/ros/Pexahod/uROSws/src/pico-sdk/src/rp2_common/pico_stdio/stdio.c.obj
                0x10004f78                __wrap_putchar
 .text.__wrap_puts
                0x10005010       0xe0 CMakeFiles/app.dir/home/ros/Pexahod/uROSws/src/pico-sdk/src/rp2_common/pico_stdio/stdio.c.obj
                0x10005010                __wrap_puts
 .text.stdio_set_driver_enabled
                0x100050f0       0x30 CMakeFiles/app.dir/home/ros/Pexahod/uROSws/src/pico-sdk/src/rp2_common/pico_stdio/stdio.c.obj
                0x100050f0                stdio_set_driver_enabled
 .text.stdio_init_all
                0x10005120       0x10 CMakeFiles/app.dir/home/ros/Pexahod/uROSws/src/pico-sdk/src/rp2_common/pico_stdio/stdio.c.obj
                0x10005120                stdio_init_all
 .text.getchar_timeout_us
                0x10005130       0x98 CMakeFiles/app.dir/home/ros/Pexahod/uROSws/src/pico-sdk/src/rp2_common/pico_stdio/stdio.c.obj
                0x10005130                getchar_timeout_us
 .text.stdio_uart_out_chars
                0x100051c8       0x24 CMakeFiles/app.dir/home/ros/Pexahod/uROSws/src/pico-sdk/src/rp2_common/pico_stdio_uart/stdio_uart.c.obj
 .text.stdio_uart_in_chars
                0x100051ec       0x90 CMakeFiles/app.dir/home/ros/Pexahod/uROSws/src/pico-sdk/src/rp2_common/pico_stdio_uart/stdio_uart.c.obj
                0x100051ec                stdio_uart_in_chars
 .text.on_uart_rx
                0x1000527c       0x28 CMakeFiles/app.dir/home/ros/Pexahod/uROSws/src/pico-sdk/src/rp2_common/pico_stdio_uart/stdio_uart.c.obj
 .text.stdio_uart_set_chars_available_callback
                0x100052a4       0x8c CMakeFiles/app.dir/home/ros/Pexahod/uROSws/src/pico-sdk/src/rp2_common/pico_stdio_uart/stdio_uart.c.obj
 .text.stdio_uart_init
                0x10005330       0x48 CMakeFiles/app.dir/home/ros/Pexahod/uROSws/src/pico-sdk/src/rp2_common/pico_stdio_uart/stdio_uart.c.obj
                0x10005330                stdio_uart_init
 .text.resetd_init
                0x10005378        0x4 CMakeFiles/app.dir/home/ros/Pexahod/uROSws/src/pico-sdk/src/rp2_common/pico_stdio_usb/reset_interface.c.obj
 .text.resetd_reset
                0x1000537c        0xc CMakeFiles/app.dir/home/ros/Pexahod/uROSws/src/pico-sdk/src/rp2_common/pico_stdio_usb/reset_interface.c.obj
 .text.resetd_open
                0x10005388       0x28 CMakeFiles/app.dir/home/ros/Pexahod/uROSws/src/pico-sdk/src/rp2_common/pico_stdio_usb/reset_interface.c.obj
 .text.resetd_xfer_cb
                0x100053b0        0x4 CMakeFiles/app.dir/home/ros/Pexahod/uROSws/src/pico-sdk/src/rp2_common/pico_stdio_usb/reset_interface.c.obj
 .text.resetd_control_xfer_cb
                0x100053b4       0x60 CMakeFiles/app.dir/home/ros/Pexahod/uROSws/src/pico-sdk/src/rp2_common/pico_stdio_usb/reset_interface.c.obj
 .text.usbd_app_driver_get_cb
                0x10005414        0xc CMakeFiles/app.dir/home/ros/Pexahod/uROSws/src/pico-sdk/src/rp2_common/pico_stdio_usb/reset_interface.c.obj
                0x10005414                usbd_app_driver_get_cb
 .text.tud_cdc_line_coding_cb
                0x10005420       0x34 CMakeFiles/app.dir/home/ros/Pexahod/uROSws/src/pico-sdk/src/rp2_common/pico_stdio_usb/reset_interface.c.obj
                0x10005420                tud_cdc_line_coding_cb
 .text.stdio_usb_set_chars_available_callback
                0x10005454       0x14 CMakeFiles/app.dir/home/ros/Pexahod/uROSws/src/pico-sdk/src/rp2_common/pico_stdio_usb/stdio_usb.c.obj
                0x10005454                stdio_usb_set_chars_available_callback
 .text.usb_irq  0x10005468       0x10 CMakeFiles/app.dir/home/ros/Pexahod/uROSws/src/pico-sdk/src/rp2_common/pico_stdio_usb/stdio_usb.c.obj
 .text.timer_task
                0x10005478       0x54 CMakeFiles/app.dir/home/ros/Pexahod/uROSws/src/pico-sdk/src/rp2_common/pico_stdio_usb/stdio_usb.c.obj
 .text.stdio_usb_in_chars
                0x100054cc       0x90 CMakeFiles/app.dir/home/ros/Pexahod/uROSws/src/pico-sdk/src/rp2_common/pico_stdio_usb/stdio_usb.c.obj
                0x100054cc                stdio_usb_in_chars
 .text.stdio_usb_out_chars
                0x1000555c      0x104 CMakeFiles/app.dir/home/ros/Pexahod/uROSws/src/pico-sdk/src/rp2_common/pico_stdio_usb/stdio_usb.c.obj
 .text.low_priority_worker_irq
                0x10005660       0xa8 CMakeFiles/app.dir/home/ros/Pexahod/uROSws/src/pico-sdk/src/rp2_common/pico_stdio_usb/stdio_usb.c.obj
 .text.tud_cdc_rx_cb
                0x10005708       0x20 CMakeFiles/app.dir/home/ros/Pexahod/uROSws/src/pico-sdk/src/rp2_common/pico_stdio_usb/stdio_usb.c.obj
                0x10005708                tud_cdc_rx_cb
 .text.stdio_usb_init
                0x10005728       0xe0 CMakeFiles/app.dir/home/ros/Pexahod/uROSws/src/pico-sdk/src/rp2_common/pico_stdio_usb/stdio_usb.c.obj
                0x10005728                stdio_usb_init
 .text.tud_descriptor_device_cb
                0x10005808        0x8 CMakeFiles/app.dir/home/ros/Pexahod/uROSws/src/pico-sdk/src/rp2_common/pico_stdio_usb/stdio_usb_descriptors.c.obj
                0x10005808                tud_descriptor_device_cb
 .text.tud_descriptor_configuration_cb
                0x10005810        0x8 CMakeFiles/app.dir/home/ros/Pexahod/uROSws/src/pico-sdk/src/rp2_common/pico_stdio_usb/stdio_usb_descriptors.c.obj
                0x10005810                tud_descriptor_configuration_cb
 .text.tud_descriptor_string_cb
                0x10005818       0x78 CMakeFiles/app.dir/home/ros/Pexahod/uROSws/src/pico-sdk/src/rp2_common/pico_stdio_usb/stdio_usb_descriptors.c.obj
                0x10005818                tud_descriptor_string_cb
 .text.startup._retrieve_unique_id_on_boot
                0x10005890       0x10 CMakeFiles/app.dir/home/ros/Pexahod/uROSws/src/pico-sdk/src/rp2_common/pico_unique_id/unique_id.c.obj
 .text.pico_get_unique_board_id_string
                0x100058a0      0x1a8 CMakeFiles/app.dir/home/ros/Pexahod/uROSws/src/pico-sdk/src/rp2_common/pico_unique_id/unique_id.c.obj
                0x100058a0                pico_get_unique_board_id_string
 .text.flash_get_unique_id
                0x10005a48       0x3c CMakeFiles/app.dir/home/ros/Pexahod/uROSws/src/pico-sdk/src/rp2_common/hardware_flash/flash.c.obj
                0x10005a48                flash_get_unique_id
 .text.dcd_int_enable
                0x10005a84        0xc CMakeFiles/app.dir/home/ros/Pexahod/uROSws/src/pico-sdk/lib/tinyusb/src/portable/raspberrypi/rp2040/dcd_rp2040.c.obj
                0x10005a84                dcd_int_enable
 .text.dcd_set_address
                0x10005a90       0x14 CMakeFiles/app.dir/home/ros/Pexahod/uROSws/src/pico-sdk/lib/tinyusb/src/portable/raspberrypi/rp2040/dcd_rp2040.c.obj
                0x10005a90                dcd_set_address
 .text.dcd_connect
                0x10005aa4       0x10 CMakeFiles/app.dir/home/ros/Pexahod/uROSws/src/pico-sdk/lib/tinyusb/src/portable/raspberrypi/rp2040/dcd_rp2040.c.obj
                0x10005aa4                dcd_connect
 .text.dcd_init
                0x10005ab4       0x98 CMakeFiles/app.dir/home/ros/Pexahod/uROSws/src/pico-sdk/lib/tinyusb/src/portable/raspberrypi/rp2040/dcd_rp2040.c.obj
                0x10005ab4                dcd_init
 .text.dcd_edpt0_status_complete
                0x10005b4c       0x1c CMakeFiles/app.dir/home/ros/Pexahod/uROSws/src/pico-sdk/lib/tinyusb/src/portable/raspberrypi/rp2040/dcd_rp2040.c.obj
                0x10005b4c                dcd_edpt0_status_complete
 .text.dcd_edpt_open
                0x10005b68      0x108 CMakeFiles/app.dir/home/ros/Pexahod/uROSws/src/pico-sdk/lib/tinyusb/src/portable/raspberrypi/rp2040/dcd_rp2040.c.obj
                0x10005b68                dcd_edpt_open
 .text.dcd_edpt_close_all
                0x10005c70        0x8 CMakeFiles/app.dir/home/ros/Pexahod/uROSws/src/pico-sdk/lib/tinyusb/src/portable/raspberrypi/rp2040/dcd_rp2040.c.obj
                0x10005c70                dcd_edpt_close_all
 .text.dcd_edpt_xfer
                0x10005c78       0x24 CMakeFiles/app.dir/home/ros/Pexahod/uROSws/src/pico-sdk/lib/tinyusb/src/portable/raspberrypi/rp2040/dcd_rp2040.c.obj
                0x10005c78                dcd_edpt_xfer
 .text.dcd_edpt_stall
                0x10005c9c       0x34 CMakeFiles/app.dir/home/ros/Pexahod/uROSws/src/pico-sdk/lib/tinyusb/src/portable/raspberrypi/rp2040/dcd_rp2040.c.obj
                0x10005c9c                dcd_edpt_stall
 .text.dcd_edpt_clear_stall
                0x10005cd0       0x30 CMakeFiles/app.dir/home/ros/Pexahod/uROSws/src/pico-sdk/lib/tinyusb/src/portable/raspberrypi/rp2040/dcd_rp2040.c.obj
                0x10005cd0                dcd_edpt_clear_stall
 .text.rp2040_usb_init
                0x10005d00       0x4c CMakeFiles/app.dir/home/ros/Pexahod/uROSws/src/pico-sdk/lib/tinyusb/src/portable/raspberrypi/rp2040/rp2040_usb.c.obj
                0x10005d00                rp2040_usb_init
 .text.hw_endpoint_xfer_start
                0x10005d4c       0x40 CMakeFiles/app.dir/home/ros/Pexahod/uROSws/src/pico-sdk/lib/tinyusb/src/portable/raspberrypi/rp2040/rp2040_usb.c.obj
                0x10005d4c                hw_endpoint_xfer_start
 .text.tud_mounted
                0x10005d8c       0x10 CMakeFiles/app.dir/home/ros/Pexahod/uROSws/src/pico-sdk/lib/tinyusb/src/device/usbd.c.obj
                0x10005d8c                tud_mounted
 .text.tud_suspended
                0x10005d9c       0x10 CMakeFiles/app.dir/home/ros/Pexahod/uROSws/src/pico-sdk/lib/tinyusb/src/device/usbd.c.obj
                0x10005d9c                tud_suspended
 .text.tud_inited
                0x10005dac       0x14 CMakeFiles/app.dir/home/ros/Pexahod/uROSws/src/pico-sdk/lib/tinyusb/src/device/usbd.c.obj
                0x10005dac                tud_inited
 .text.tud_init
                0x10005dc0       0xdc CMakeFiles/app.dir/home/ros/Pexahod/uROSws/src/pico-sdk/lib/tinyusb/src/device/usbd.c.obj
                0x10005dc0                tud_init
 .text.tud_task_ext
                0x10005e9c      0x850 CMakeFiles/app.dir/home/ros/Pexahod/uROSws/src/pico-sdk/lib/tinyusb/src/device/usbd.c.obj
                0x10005e9c                tud_task_ext
 .text.usbd_open_edpt_pair
                0x100066ec       0x9c CMakeFiles/app.dir/home/ros/Pexahod/uROSws/src/pico-sdk/lib/tinyusb/src/device/usbd.c.obj
                0x100066ec                usbd_open_edpt_pair
 .text.usbd_defer_func
                0x10006788       0x48 CMakeFiles/app.dir/home/ros/Pexahod/uROSws/src/pico-sdk/lib/tinyusb/src/device/usbd.c.obj
                0x10006788                usbd_defer_func
 .text.usbd_edpt_open
                0x100067d0       0x34 CMakeFiles/app.dir/home/ros/Pexahod/uROSws/src/pico-sdk/lib/tinyusb/src/device/usbd.c.obj
                0x100067d0                usbd_edpt_open
 .text.usbd_edpt_claim
                0x10006804       0x28 CMakeFiles/app.dir/home/ros/Pexahod/uROSws/src/pico-sdk/lib/tinyusb/src/device/usbd.c.obj
                0x10006804                usbd_edpt_claim
 .text.usbd_edpt_release
                0x1000682c       0x28 CMakeFiles/app.dir/home/ros/Pexahod/uROSws/src/pico-sdk/lib/tinyusb/src/device/usbd.c.obj
                0x1000682c                usbd_edpt_release
 .text.usbd_edpt_xfer
                0x10006854       0x4c CMakeFiles/app.dir/home/ros/Pexahod/uROSws/src/pico-sdk/lib/tinyusb/src/device/usbd.c.obj
                0x10006854                usbd_edpt_xfer
 .text.tud_control_status
                0x100068a0       0x2c CMakeFiles/app.dir/home/ros/Pexahod/uROSws/src/pico-sdk/lib/tinyusb/src/device/usbd_control.c.obj
                0x100068a0                tud_control_status
 .text.tud_control_xfer
                0x100068cc       0xac CMakeFiles/app.dir/home/ros/Pexahod/uROSws/src/pico-sdk/lib/tinyusb/src/device/usbd_control.c.obj
                0x100068cc                tud_control_xfer
 .text.usbd_control_reset
                0x10006978       0x14 CMakeFiles/app.dir/home/ros/Pexahod/uROSws/src/pico-sdk/lib/tinyusb/src/device/usbd_control.c.obj
                0x10006978                usbd_control_reset
 .text.usbd_control_set_complete_callback
                0x1000698c        0xc CMakeFiles/app.dir/home/ros/Pexahod/uROSws/src/pico-sdk/lib/tinyusb/src/device/usbd_control.c.obj
                0x1000698c                usbd_control_set_complete_callback
 .text.usbd_control_set_request
                0x10006998       0x1c CMakeFiles/app.dir/home/ros/Pexahod/uROSws/src/pico-sdk/lib/tinyusb/src/device/usbd_control.c.obj
                0x10006998                usbd_control_set_request
 .text.usbd_control_xfer_cb
                0x100069b4       0xf4 CMakeFiles/app.dir/home/ros/Pexahod/uROSws/src/pico-sdk/lib/tinyusb/src/device/usbd_control.c.obj
                0x100069b4                usbd_control_xfer_cb
 .text.tud_cdc_n_connected
                0x10006aa8       0x30 CMakeFiles/app.dir/home/ros/Pexahod/uROSws/src/pico-sdk/lib/tinyusb/src/class/cdc/cdc_device.c.obj
                0x10006aa8                tud_cdc_n_connected
 .text.tud_cdc_n_available
                0x10006ad8       0x18 CMakeFiles/app.dir/home/ros/Pexahod/uROSws/src/pico-sdk/lib/tinyusb/src/class/cdc/cdc_device.c.obj
                0x10006ad8                tud_cdc_n_available
 .text.tud_cdc_n_read
                0x10006af0       0x70 CMakeFiles/app.dir/home/ros/Pexahod/uROSws/src/pico-sdk/lib/tinyusb/src/class/cdc/cdc_device.c.obj
                0x10006af0                tud_cdc_n_read
 .text.tud_cdc_n_write_flush
                0x10006b60       0x78 CMakeFiles/app.dir/home/ros/Pexahod/uROSws/src/pico-sdk/lib/tinyusb/src/class/cdc/cdc_device.c.obj
                0x10006b60                tud_cdc_n_write_flush
 .text.tud_cdc_n_write
                0x10006bd8       0x34 CMakeFiles/app.dir/home/ros/Pexahod/uROSws/src/pico-sdk/lib/tinyusb/src/class/cdc/cdc_device.c.obj
                0x10006bd8                tud_cdc_n_write
 .text.tud_cdc_n_write_available
                0x10006c0c       0x18 CMakeFiles/app.dir/home/ros/Pexahod/uROSws/src/pico-sdk/lib/tinyusb/src/class/cdc/cdc_device.c.obj
                0x10006c0c                tud_cdc_n_write_available
 .text.cdcd_init
                0x10006c24       0x7c CMakeFiles/app.dir/home/ros/Pexahod/uROSws/src/pico-sdk/lib/tinyusb/src/class/cdc/cdc_device.c.obj
                0x10006c24                cdcd_init
 .text.cdcd_reset
                0x10006ca0       0x2c CMakeFiles/app.dir/home/ros/Pexahod/uROSws/src/pico-sdk/lib/tinyusb/src/class/cdc/cdc_device.c.obj
                0x10006ca0                cdcd_reset
 .text.cdcd_open
                0x10006ccc       0xe4 CMakeFiles/app.dir/home/ros/Pexahod/uROSws/src/pico-sdk/lib/tinyusb/src/class/cdc/cdc_device.c.obj
                0x10006ccc                cdcd_open
 .text.cdcd_control_xfer_cb
                0x10006db0       0xe4 CMakeFiles/app.dir/home/ros/Pexahod/uROSws/src/pico-sdk/lib/tinyusb/src/class/cdc/cdc_device.c.obj
                0x10006db0                cdcd_control_xfer_cb
 .text.cdcd_xfer_cb
                0x10006e94      0x13c CMakeFiles/app.dir/home/ros/Pexahod/uROSws/src/pico-sdk/lib/tinyusb/src/class/cdc/cdc_device.c.obj
                0x10006e94                cdcd_xfer_cb
 .text.tusb_init
                0x10006fd0        0xc CMakeFiles/app.dir/home/ros/Pexahod/uROSws/src/pico-sdk/lib/tinyusb/src/tusb.c.obj
                0x10006fd0                tusb_init
 .text.tusb_inited
                0x10006fdc        0x8 CMakeFiles/app.dir/home/ros/Pexahod/uROSws/src/pico-sdk/lib/tinyusb/src/tusb.c.obj
                0x10006fdc                tusb_inited
 .text.tu_edpt_claim
                0x10006fe4       0x50 CMakeFiles/app.dir/home/ros/Pexahod/uROSws/src/pico-sdk/lib/tinyusb/src/tusb.c.obj
                0x10006fe4                tu_edpt_claim
 .text.tu_edpt_release
                0x10007034       0x38 CMakeFiles/app.dir/home/ros/Pexahod/uROSws/src/pico-sdk/lib/tinyusb/src/tusb.c.obj
                0x10007034                tu_edpt_release
 .text.tu_edpt_validate
                0x1000706c       0x7c CMakeFiles/app.dir/home/ros/Pexahod/uROSws/src/pico-sdk/lib/tinyusb/src/tusb.c.obj
                0x1000706c                tu_edpt_validate
 .text.tu_edpt_bind_driver
                0x100070e8       0x34 CMakeFiles/app.dir/home/ros/Pexahod/uROSws/src/pico-sdk/lib/tinyusb/src/tusb.c.obj
                0x100070e8                tu_edpt_bind_driver
 .text.tu_fifo_config
                0x1000711c       0x6c CMakeFiles/app.dir/home/ros/Pexahod/uROSws/src/pico-sdk/lib/tinyusb/src/common/tusb_fifo.c.obj
                0x1000711c                tu_fifo_config
 .text.tu_fifo_count
                0x10007188       0x2c CMakeFiles/app.dir/home/ros/Pexahod/uROSws/src/pico-sdk/lib/tinyusb/src/common/tusb_fifo.c.obj
                0x10007188                tu_fifo_count
 .text.tu_fifo_empty
                0x100071b4       0x10 CMakeFiles/app.dir/home/ros/Pexahod/uROSws/src/pico-sdk/lib/tinyusb/src/common/tusb_fifo.c.obj
                0x100071b4                tu_fifo_empty
 .text.tu_fifo_remaining
                0x100071c4       0x2c CMakeFiles/app.dir/home/ros/Pexahod/uROSws/src/pico-sdk/lib/tinyusb/src/common/tusb_fifo.c.obj
                0x100071c4                tu_fifo_remaining
 .text.tu_fifo_read
                0x100071f0       0x9c CMakeFiles/app.dir/home/ros/Pexahod/uROSws/src/pico-sdk/lib/tinyusb/src/common/tusb_fifo.c.obj
                0x100071f0                tu_fifo_read
 .text.tu_fifo_read_n
                0x1000728c       0xe8 CMakeFiles/app.dir/home/ros/Pexahod/uROSws/src/pico-sdk/lib/tinyusb/src/common/tusb_fifo.c.obj
                0x1000728c                tu_fifo_read_n
 .text.tu_fifo_write
                0x10007374       0xa8 CMakeFiles/app.dir/home/ros/Pexahod/uROSws/src/pico-sdk/lib/tinyusb/src/common/tusb_fifo.c.obj
                0x10007374                tu_fifo_write
 .text.tu_fifo_write_n
                0x1000741c      0x178 CMakeFiles/app.dir/home/ros/Pexahod/uROSws/src/pico-sdk/lib/tinyusb/src/common/tusb_fifo.c.obj
                0x1000741c                tu_fifo_write_n
 .text.tu_fifo_clear
                0x10007594       0x40 CMakeFiles/app.dir/home/ros/Pexahod/uROSws/src/pico-sdk/lib/tinyusb/src/common/tusb_fifo.c.obj
                0x10007594                tu_fifo_clear
 .text.tu_fifo_set_overwritable
                0x100075d4       0x48 CMakeFiles/app.dir/home/ros/Pexahod/uROSws/src/pico-sdk/lib/tinyusb/src/common/tusb_fifo.c.obj
                0x100075d4                tu_fifo_set_overwritable
 .text.vPortSVCHandler
                0x1000761c        0x4 CMakeFiles/app.dir/home/ros/Pexahod/uROSws/src/FreeRTOS-Kernel/portable/ThirdParty/GCC/RP2040/port.c.obj
                0x1000761c                vPortSVCHandler
 .text.vPortStartFirstTask
                0x10007620       0x34 CMakeFiles/app.dir/home/ros/Pexahod/uROSws/src/FreeRTOS-Kernel/portable/ThirdParty/GCC/RP2040/port.c.obj
 *fill*         0x10007654        0xc 
 .text.xPortPendSVHandler
                0x10007660       0x64 CMakeFiles/app.dir/home/ros/Pexahod/uROSws/src/FreeRTOS-Kernel/portable/ThirdParty/GCC/RP2040/port.c.obj
                0x10007660                xPortPendSVHandler
 .text.prvFIFOInterruptHandler
                0x100076c4       0x78 CMakeFiles/app.dir/home/ros/Pexahod/uROSws/src/FreeRTOS-Kernel/portable/ThirdParty/GCC/RP2040/port.c.obj
 .text.prvTaskExitError
                0x1000773c        0x8 CMakeFiles/app.dir/home/ros/Pexahod/uROSws/src/FreeRTOS-Kernel/portable/ThirdParty/GCC/RP2040/port.c.obj
 .text.pxPortInitialiseStack
                0x10007744       0x20 CMakeFiles/app.dir/home/ros/Pexahod/uROSws/src/FreeRTOS-Kernel/portable/ThirdParty/GCC/RP2040/port.c.obj
                0x10007744                pxPortInitialiseStack
 .text.vPortYield
                0x10007764       0x18 CMakeFiles/app.dir/home/ros/Pexahod/uROSws/src/FreeRTOS-Kernel/portable/ThirdParty/GCC/RP2040/port.c.obj
                0x10007764                vPortYield
 .text.vPortEnterCritical
                0x1000777c       0x18 CMakeFiles/app.dir/home/ros/Pexahod/uROSws/src/FreeRTOS-Kernel/portable/ThirdParty/GCC/RP2040/port.c.obj
                0x1000777c                vPortEnterCritical
 .text.vPortExitCritical
                0x10007794       0x34 CMakeFiles/app.dir/home/ros/Pexahod/uROSws/src/FreeRTOS-Kernel/portable/ThirdParty/GCC/RP2040/port.c.obj
                0x10007794                vPortExitCritical
 .text.ulSetInterruptMaskFromISR
                0x100077c8        0x8 CMakeFiles/app.dir/home/ros/Pexahod/uROSws/src/FreeRTOS-Kernel/portable/ThirdParty/GCC/RP2040/port.c.obj
                0x100077c8                ulSetInterruptMaskFromISR
 .text.vClearInterruptMaskFromISR
                0x100077d0        0x8 CMakeFiles/app.dir/home/ros/Pexahod/uROSws/src/FreeRTOS-Kernel/portable/ThirdParty/GCC/RP2040/port.c.obj
                0x100077d0                vClearInterruptMaskFromISR
 .text.xPortSysTickHandler
                0x100077d8       0x24 CMakeFiles/app.dir/home/ros/Pexahod/uROSws/src/FreeRTOS-Kernel/portable/ThirdParty/GCC/RP2040/port.c.obj
                0x100077d8                xPortSysTickHandler
 .text.vPortSetupTimerInterrupt
                0x100077fc       0x34 CMakeFiles/app.dir/home/ros/Pexahod/uROSws/src/FreeRTOS-Kernel/portable/ThirdParty/GCC/RP2040/port.c.obj
                0x100077fc                vPortSetupTimerInterrupt
 .text.xPortStartScheduler
                0x10007830       0xa0 CMakeFiles/app.dir/home/ros/Pexahod/uROSws/src/FreeRTOS-Kernel/portable/ThirdParty/GCC/RP2040/port.c.obj
                0x10007830                xPortStartScheduler
 .text.ulPortLockGetCurrentOwnerId
                0x100078d0       0x2c CMakeFiles/app.dir/home/ros/Pexahod/uROSws/src/FreeRTOS-Kernel/portable/ThirdParty/GCC/RP2040/port.c.obj
                0x100078d0                ulPortLockGetCurrentOwnerId
 .text.vPortLockInternalSpinUnlockWithWait
                0x100078fc       0x68 CMakeFiles/app.dir/home/ros/Pexahod/uROSws/src/FreeRTOS-Kernel/portable/ThirdParty/GCC/RP2040/port.c.obj
                0x100078fc                vPortLockInternalSpinUnlockWithWait
 .text.vPortLockInternalSpinUnlockWithNotify
                0x10007964       0xc8 CMakeFiles/app.dir/home/ros/Pexahod/uROSws/src/FreeRTOS-Kernel/portable/ThirdParty/GCC/RP2040/port.c.obj
                0x10007964                vPortLockInternalSpinUnlockWithNotify
 .text.xPortLockInternalSpinUnlockWithBestEffortWaitOrTimeout
                0x10007a2c       0xfc CMakeFiles/app.dir/home/ros/Pexahod/uROSws/src/FreeRTOS-Kernel/portable/ThirdParty/GCC/RP2040/port.c.obj
                0x10007a2c                xPortLockInternalSpinUnlockWithBestEffortWaitOrTimeout
 .text.startup.prvRuntimeInitializer
                0x10007b28       0x28 CMakeFiles/app.dir/home/ros/Pexahod/uROSws/src/FreeRTOS-Kernel/portable/ThirdParty/GCC/RP2040/port.c.obj
 .text.vEventGroupSetBitsCallback
                0x10007b50       0x90 CMakeFiles/app.dir/home/ros/Pexahod/uROSws/src/FreeRTOS-Kernel/event_groups.c.obj
                0x10007b50                vEventGroupSetBitsCallback
 .text.xEventGroupCreate
                0x10007be0       0x18 CMakeFiles/app.dir/home/ros/Pexahod/uROSws/src/FreeRTOS-Kernel/event_groups.c.obj
                0x10007be0                xEventGroupCreate
 .text.xEventGroupWaitBits
                0x10007bf8       0xb8 CMakeFiles/app.dir/home/ros/Pexahod/uROSws/src/FreeRTOS-Kernel/event_groups.c.obj
                0x10007bf8                xEventGroupWaitBits
 .text.xEventGroupSetBits
                0x10007cb0       0x94 CMakeFiles/app.dir/home/ros/Pexahod/uROSws/src/FreeRTOS-Kernel/event_groups.c.obj
                0x10007cb0                xEventGroupSetBits
 .text.xEventGroupSetBitsFromISR
                0x10007d44       0x18 CMakeFiles/app.dir/home/ros/Pexahod/uROSws/src/FreeRTOS-Kernel/event_groups.c.obj
                0x10007d44                xEventGroupSetBitsFromISR
 .text.vListInitialise
                0x10007d5c       0x18 CMakeFiles/app.dir/home/ros/Pexahod/uROSws/src/FreeRTOS-Kernel/list.c.obj
                0x10007d5c                vListInitialise
 .text.vListInitialiseItem
                0x10007d74        0x8 CMakeFiles/app.dir/home/ros/Pexahod/uROSws/src/FreeRTOS-Kernel/list.c.obj
                0x10007d74                vListInitialiseItem
 .text.vListInsert
                0x10007d7c       0x30 CMakeFiles/app.dir/home/ros/Pexahod/uROSws/src/FreeRTOS-Kernel/list.c.obj
                0x10007d7c                vListInsert
 .text.uxListRemove
                0x10007dac       0x20 CMakeFiles/app.dir/home/ros/Pexahod/uROSws/src/FreeRTOS-Kernel/list.c.obj
                0x10007dac                uxListRemove
 .text.prvUnlockQueue
                0x10007dcc      0x180 CMakeFiles/app.dir/home/ros/Pexahod/uROSws/src/FreeRTOS-Kernel/queue.c.obj
 .text.prvNotifyQueueSetContainer
                0x10007f4c       0x90 CMakeFiles/app.dir/home/ros/Pexahod/uROSws/src/FreeRTOS-Kernel/queue.c.obj
 .text.xQueueGenericCreate
                0x10007fdc       0xa4 CMakeFiles/app.dir/home/ros/Pexahod/uROSws/src/FreeRTOS-Kernel/queue.c.obj
                0x10007fdc                xQueueGenericCreate
 .text.xQueueGenericSendFromISR
                0x10008080      0x134 CMakeFiles/app.dir/home/ros/Pexahod/uROSws/src/FreeRTOS-Kernel/queue.c.obj
                0x10008080                xQueueGenericSendFromISR
 .text.xQueueReceive
                0x100081b4      0x11c CMakeFiles/app.dir/home/ros/Pexahod/uROSws/src/FreeRTOS-Kernel/queue.c.obj
                0x100081b4                xQueueReceive
 .text.vQueueAddToRegistry
                0x100082d0      0x118 CMakeFiles/app.dir/home/ros/Pexahod/uROSws/src/FreeRTOS-Kernel/queue.c.obj
                0x100082d0                vQueueAddToRegistry
 .text.vQueueWaitForMessageRestricted
                0x100083e8       0x48 CMakeFiles/app.dir/home/ros/Pexahod/uROSws/src/FreeRTOS-Kernel/queue.c.obj
                0x100083e8                vQueueWaitForMessageRestricted
 .text.prvAddNewTaskToReadyList
                0x10008430      0x124 CMakeFiles/app.dir/home/ros/Pexahod/uROSws/src/FreeRTOS-Kernel/tasks.c.obj
 .text.prvIdleTask
                0x10008554       0x60 CMakeFiles/app.dir/home/ros/Pexahod/uROSws/src/FreeRTOS-Kernel/tasks.c.obj
 .text.xTaskIncrementTick.part.0
                0x100085b4      0x190 CMakeFiles/app.dir/home/ros/Pexahod/uROSws/src/FreeRTOS-Kernel/tasks.c.obj
 .text.xTaskCreate
                0x10008744      0x138 CMakeFiles/app.dir/home/ros/Pexahod/uROSws/src/FreeRTOS-Kernel/tasks.c.obj
                0x10008744                xTaskCreate
 .text.vTaskStartScheduler
                0x1000887c       0xd4 CMakeFiles/app.dir/home/ros/Pexahod/uROSws/src/FreeRTOS-Kernel/tasks.c.obj
                0x1000887c                vTaskStartScheduler
 .text.vTaskSuspendAll
                0x10008950       0x10 CMakeFiles/app.dir/home/ros/Pexahod/uROSws/src/FreeRTOS-Kernel/tasks.c.obj
                0x10008950                vTaskSuspendAll
 .text.xTaskResumeAll
                0x10008960      0x188 CMakeFiles/app.dir/home/ros/Pexahod/uROSws/src/FreeRTOS-Kernel/tasks.c.obj
                0x10008960                xTaskResumeAll
 .text.vTaskDelay
                0x10008ae8       0x84 CMakeFiles/app.dir/home/ros/Pexahod/uROSws/src/FreeRTOS-Kernel/tasks.c.obj
                0x10008ae8                vTaskDelay
 .text.xTaskGetTickCount
                0x10008b6c        0xc CMakeFiles/app.dir/home/ros/Pexahod/uROSws/src/FreeRTOS-Kernel/tasks.c.obj
                0x10008b6c                xTaskGetTickCount
 .text.uxTaskGetNumberOfTasks
                0x10008b78        0xc CMakeFiles/app.dir/home/ros/Pexahod/uROSws/src/FreeRTOS-Kernel/tasks.c.obj
                0x10008b78                uxTaskGetNumberOfTasks
 .text.xTaskIncrementTick
                0x10008b84       0x24 CMakeFiles/app.dir/home/ros/Pexahod/uROSws/src/FreeRTOS-Kernel/tasks.c.obj
                0x10008b84                xTaskIncrementTick
 .text.vTaskSwitchContext
                0x10008ba8       0x7c CMakeFiles/app.dir/home/ros/Pexahod/uROSws/src/FreeRTOS-Kernel/tasks.c.obj
                0x10008ba8                vTaskSwitchContext
 .text.vTaskPlaceOnEventList
                0x10008c24       0xa0 CMakeFiles/app.dir/home/ros/Pexahod/uROSws/src/FreeRTOS-Kernel/tasks.c.obj
                0x10008c24                vTaskPlaceOnEventList
 .text.vTaskPlaceOnUnorderedEventList
                0x10008cc4       0xc4 CMakeFiles/app.dir/home/ros/Pexahod/uROSws/src/FreeRTOS-Kernel/tasks.c.obj
                0x10008cc4                vTaskPlaceOnUnorderedEventList
 .text.vTaskPlaceOnEventListRestricted
                0x10008d88       0xf4 CMakeFiles/app.dir/home/ros/Pexahod/uROSws/src/FreeRTOS-Kernel/tasks.c.obj
                0x10008d88                vTaskPlaceOnEventListRestricted
 .text.xTaskRemoveFromEventList
                0x10008e7c       0xcc CMakeFiles/app.dir/home/ros/Pexahod/uROSws/src/FreeRTOS-Kernel/tasks.c.obj
                0x10008e7c                xTaskRemoveFromEventList
 .text.vTaskRemoveFromUnorderedEventList
                0x10008f48       0x94 CMakeFiles/app.dir/home/ros/Pexahod/uROSws/src/FreeRTOS-Kernel/tasks.c.obj
                0x10008f48                vTaskRemoveFromUnorderedEventList
 .text.vTaskInternalSetTimeOutState
                0x10008fdc       0x18 CMakeFiles/app.dir/home/ros/Pexahod/uROSws/src/FreeRTOS-Kernel/tasks.c.obj
                0x10008fdc                vTaskInternalSetTimeOutState
 .text.xTaskCheckForTimeOut
                0x10008ff4       0x74 CMakeFiles/app.dir/home/ros/Pexahod/uROSws/src/FreeRTOS-Kernel/tasks.c.obj
                0x10008ff4                xTaskCheckForTimeOut
 .text.vTaskMissedYield
                0x10009068        0xc CMakeFiles/app.dir/home/ros/Pexahod/uROSws/src/FreeRTOS-Kernel/tasks.c.obj
                0x10009068                vTaskMissedYield
 .text.xTaskGetCurrentTaskHandle
                0x10009074        0xc CMakeFiles/app.dir/home/ros/Pexahod/uROSws/src/FreeRTOS-Kernel/tasks.c.obj
                0x10009074                xTaskGetCurrentTaskHandle
 .text.xTaskPriorityDisinherit
                0x10009080       0x64 CMakeFiles/app.dir/home/ros/Pexahod/uROSws/src/FreeRTOS-Kernel/tasks.c.obj
                0x10009080                xTaskPriorityDisinherit
 .text.uxTaskResetEventItemValue
                0x100090e4       0x18 CMakeFiles/app.dir/home/ros/Pexahod/uROSws/src/FreeRTOS-Kernel/tasks.c.obj
                0x100090e4                uxTaskResetEventItemValue
 .text.prvTimerTask
                0x100090fc      0x38c CMakeFiles/app.dir/home/ros/Pexahod/uROSws/src/FreeRTOS-Kernel/timers.c.obj
 .text.xTimerCreateTimerTask
                0x10009488       0x8c CMakeFiles/app.dir/home/ros/Pexahod/uROSws/src/FreeRTOS-Kernel/timers.c.obj
                0x10009488                xTimerCreateTimerTask
 .text.xTimerPendFunctionCallFromISR
                0x10009514       0x28 CMakeFiles/app.dir/home/ros/Pexahod/uROSws/src/FreeRTOS-Kernel/timers.c.obj
                0x10009514                xTimerPendFunctionCallFromISR
 .text.exception_set_exclusive_handler
                0x1000953c       0x48 CMakeFiles/app.dir/home/ros/Pexahod/uROSws/src/pico-sdk/src/rp2_common/hardware_exception/exception.c.obj
                0x1000953c                exception_set_exclusive_handler
 .text.pvPortMalloc
                0x10009584      0x124 CMakeFiles/app.dir/home/ros/Pexahod/uROSws/src/FreeRTOS-Kernel/portable/MemMang/heap_4.c.obj
                0x10009584                pvPortMalloc
 .text.vPortFree
                0x100096a8       0x98 CMakeFiles/app.dir/home/ros/Pexahod/uROSws/src/FreeRTOS-Kernel/portable/MemMang/heap_4.c.obj
                0x100096a8                vPortFree
 .text._ZN6plasma6WS281218dma_timer_callbackEP15repeating_timer
                0x10009740       0x34 CMakeFiles/app.dir/home/ros/Pexahod/uROSws/src/pimoroni-pico/drivers/plasma/ws2812.cpp.obj
                0x10009740                plasma::WS2812::dma_timer_callback(repeating_timer*)
 .text._ZN6plasma6WS2812C2EjP8pio_hw_tjjjbNS0_11COLOR_ORDEREPNS0_3RGBE
                0x10009774      0x190 CMakeFiles/app.dir/home/ros/Pexahod/uROSws/src/pimoroni-pico/drivers/plasma/ws2812.cpp.obj
                0x10009774                plasma::WS2812::WS2812(unsigned int, pio_hw_t*, unsigned int, unsigned int, unsigned int, bool, plasma::WS2812::COLOR_ORDER, plasma::WS2812::RGB*)
                0x10009774                plasma::WS2812::WS2812(unsigned int, pio_hw_t*, unsigned int, unsigned int, unsigned int, bool, plasma::WS2812::COLOR_ORDER, plasma::WS2812::RGB*)
 .text._ZN6plasma6WS28125startEj
                0x10009904       0x48 CMakeFiles/app.dir/home/ros/Pexahod/uROSws/src/pimoroni-pico/drivers/plasma/ws2812.cpp.obj
                0x10009904                plasma::WS2812::start(unsigned int)
 .text.pio_sm_claim
                0x1000994c       0x30 CMakeFiles/app.dir/home/ros/Pexahod/uROSws/src/pico-sdk/src/rp2_common/hardware_pio/pio.c.obj
                0x1000994c                pio_sm_claim
 .text.pio_sm_unclaim
                0x1000997c       0x20 CMakeFiles/app.dir/home/ros/Pexahod/uROSws/src/pico-sdk/src/rp2_common/hardware_pio/pio.c.obj
                0x1000997c                pio_sm_unclaim
 .text.pio_sm_is_claimed
                0x1000999c       0x20 CMakeFiles/app.dir/home/ros/Pexahod/uROSws/src/pico-sdk/src/rp2_common/hardware_pio/pio.c.obj
                0x1000999c                pio_sm_is_claimed
 .text.pio_add_program
                0x100099bc       0xf0 CMakeFiles/app.dir/home/ros/Pexahod/uROSws/src/pico-sdk/src/rp2_common/hardware_pio/pio.c.obj
                0x100099bc                pio_add_program
 .text.pio_remove_program
                0x10009aac       0x34 CMakeFiles/app.dir/home/ros/Pexahod/uROSws/src/pico-sdk/src/rp2_common/hardware_pio/pio.c.obj
                0x10009aac                pio_remove_program
 .text.pio_sm_set_pins_with_mask
                0x10009ae0       0xa8 CMakeFiles/app.dir/home/ros/Pexahod/uROSws/src/pico-sdk/src/rp2_common/hardware_pio/pio.c.obj
                0x10009ae0                pio_sm_set_pins_with_mask
 .text.pio_sm_set_pindirs_with_mask
                0x10009b88       0xa8 CMakeFiles/app.dir/home/ros/Pexahod/uROSws/src/pico-sdk/src/rp2_common/hardware_pio/pio.c.obj
                0x10009b88                pio_sm_set_pindirs_with_mask
 .text.pio_sm_set_consecutive_pindirs
                0x10009c30       0xa8 CMakeFiles/app.dir/home/ros/Pexahod/uROSws/src/pico-sdk/src/rp2_common/hardware_pio/pio.c.obj
                0x10009c30                pio_sm_set_consecutive_pindirs
 .text.pio_sm_init
                0x10009cd8       0x98 CMakeFiles/app.dir/home/ros/Pexahod/uROSws/src/pico-sdk/src/rp2_common/hardware_pio/pio.c.obj
                0x10009cd8                pio_sm_init
 .text.dma_channel_unclaim
                0x10009d70       0x14 CMakeFiles/app.dir/home/ros/Pexahod/uROSws/src/pico-sdk/src/rp2_common/hardware_dma/dma.c.obj
                0x10009d70                dma_channel_unclaim
 .text.dma_claim_unused_channel
                0x10009d84       0x24 CMakeFiles/app.dir/home/ros/Pexahod/uROSws/src/pico-sdk/src/rp2_common/hardware_dma/dma.c.obj
                0x10009d84                dma_claim_unused_channel
 .text._ZN5servo11CalibrationD2Ev
                0x10009da8        0x4 CMakeFiles/app.dir/home/ros/Pexahod/uROSws/src/pimoroni-pico/drivers/servo/calibration.cpp.obj
                0x10009da8                servo::Calibration::~Calibration()
                0x10009da8                servo::Calibration::~Calibration()
 .text._ZN5servo11CalibrationD0Ev
                0x10009dac       0x10 CMakeFiles/app.dir/home/ros/Pexahod/uROSws/src/pimoroni-pico/drivers/servo/calibration.cpp.obj
                0x10009dac                servo::Calibration::~Calibration()
 .text._ZN5servo11CalibrationC2Ev
                0x10009dbc       0x2c CMakeFiles/app.dir/home/ros/Pexahod/uROSws/src/pimoroni-pico/drivers/servo/calibration.cpp.obj
                0x10009dbc                servo::Calibration::Calibration()
                0x10009dbc                servo::Calibration::Calibration()
 .text._ZN5servo11CalibrationC2ERKS0_
                0x10009de8       0x58 CMakeFiles/app.dir/home/ros/Pexahod/uROSws/src/pimoroni-pico/drivers/servo/calibration.cpp.obj
                0x10009de8                servo::Calibration::Calibration(servo::Calibration const&)
                0x10009de8                servo::Calibration::Calibration(servo::Calibration const&)
 .text._ZN5servo11CalibrationaSERKS0_
                0x10009e40       0x40 CMakeFiles/app.dir/home/ros/Pexahod/uROSws/src/pimoroni-pico/drivers/servo/calibration.cpp.obj
                0x10009e40                servo::Calibration::operator=(servo::Calibration const&)
 .text._ZN5servo11Calibration17apply_three_pairsEffffff
                0x10009e80       0x20 CMakeFiles/app.dir/home/ros/Pexahod/uROSws/src/pimoroni-pico/drivers/servo/calibration.cpp.obj
                0x10009e80                servo::Calibration::apply_three_pairs(float, float, float, float, float, float)
 .text._ZNK5servo11Calibration4sizeEv
                0x10009ea0        0x8 CMakeFiles/app.dir/home/ros/Pexahod/uROSws/src/pimoroni-pico/drivers/servo/calibration.cpp.obj
                0x10009ea0                servo::Calibration::size() const
 .text._ZNK5servo11Calibration5firstEv
                0x10009ea8        0x4 CMakeFiles/app.dir/home/ros/Pexahod/uROSws/src/pimoroni-pico/drivers/servo/calibration.cpp.obj
                0x10009ea8                servo::Calibration::first() const
 .text._ZNK5servo11Calibration4lastEv
                0x10009eac       0x10 CMakeFiles/app.dir/home/ros/Pexahod/uROSws/src/pimoroni-pico/drivers/servo/calibration.cpp.obj
                0x10009eac                servo::Calibration::last() const
 .text._ZNK5servo11Calibration14value_to_pulseEfRfS1_
                0x10009ebc      0x2bc CMakeFiles/app.dir/home/ros/Pexahod/uROSws/src/pimoroni-pico/drivers/servo/calibration.cpp.obj
                0x10009ebc                servo::Calibration::value_to_pulse(float, float&, float&) const
 .text._ZN5servo10ServoStateC2Ev
                0x1000a178       0x18 CMakeFiles/app.dir/home/ros/Pexahod/uROSws/src/pimoroni-pico/drivers/servo/servo_state.cpp.obj
                0x1000a178                servo::ServoState::ServoState()
                0x1000a178                servo::ServoState::ServoState()
 .text._ZN5servo10ServoStateC2ERKNS_11CalibrationE
                0x1000a190       0x18 CMakeFiles/app.dir/home/ros/Pexahod/uROSws/src/pimoroni-pico/drivers/servo/servo_state.cpp.obj
                0x1000a190                servo::ServoState::ServoState(servo::Calibration const&)
                0x1000a190                servo::ServoState::ServoState(servo::Calibration const&)
 .text._ZN5servo10ServoState18enable_with_returnEv
                0x1000a1a8       0x70 CMakeFiles/app.dir/home/ros/Pexahod/uROSws/src/pimoroni-pico/drivers/servo/servo_state.cpp.obj
                0x1000a1a8                servo::ServoState::enable_with_return()
 .text._ZN5servo10ServoState19disable_with_returnEv
                0x1000a218        0x8 CMakeFiles/app.dir/home/ros/Pexahod/uROSws/src/pimoroni-pico/drivers/servo/servo_state.cpp.obj
                0x1000a218                servo::ServoState::disable_with_return()
 .text._ZN5servo10ServoState21set_value_with_returnEf
                0x1000a220       0x28 CMakeFiles/app.dir/home/ros/Pexahod/uROSws/src/pimoroni-pico/drivers/servo/servo_state.cpp.obj
                0x1000a220                servo::ServoState::set_value_with_return(float)
 .text._ZN5servo10ServoState18to_mid_with_returnEv
                0x1000a248       0x58 CMakeFiles/app.dir/home/ros/Pexahod/uROSws/src/pimoroni-pico/drivers/servo/servo_state.cpp.obj
                0x1000a248                servo::ServoState::to_mid_with_return()
 .text._ZN5servo10ServoState14pulse_to_levelEfmf
                0x1000a2a0       0x3c CMakeFiles/app.dir/home/ros/Pexahod/uROSws/src/pimoroni-pico/drivers/servo/servo_state.cpp.obj
                0x1000a2a0                servo::ServoState::pulse_to_level(float, unsigned long, float)
 .text._ZN5servo12ServoCluster4initEv
                0x1000a2dc       0xa8 CMakeFiles/app.dir/home/ros/Pexahod/uROSws/src/pimoroni-pico/drivers/servo/servo_cluster.cpp.obj
                0x1000a2dc                servo::ServoCluster::init()
 .text._ZN5servo12ServoCluster10enable_allEb
                0x1000a384       0x74 CMakeFiles/app.dir/home/ros/Pexahod/uROSws/src/pimoroni-pico/drivers/servo/servo_cluster.cpp.obj
                0x1000a384                servo::ServoCluster::enable_all(bool)
 .text._ZN5servo12ServoCluster11disable_allEb
                0x1000a3f8       0x74 CMakeFiles/app.dir/home/ros/Pexahod/uROSws/src/pimoroni-pico/drivers/servo/servo_cluster.cpp.obj
                0x1000a3f8                servo::ServoCluster::disable_all(bool)
 .text._ZN5servo12ServoCluster12all_to_valueEfb
                0x1000a46c       0x7c CMakeFiles/app.dir/home/ros/Pexahod/uROSws/src/pimoroni-pico/drivers/servo/servo_cluster.cpp.obj
                0x1000a46c                servo::ServoCluster::all_to_value(float, bool)
 .text._ZN5servo12ServoCluster10all_to_midEb
                0x1000a4e8       0x74 CMakeFiles/app.dir/home/ros/Pexahod/uROSws/src/pimoroni-pico/drivers/servo/servo_cluster.cpp.obj
                0x1000a4e8                servo::ServoCluster::all_to_mid(bool)
 .text._ZN5servo12ServoClusterD2Ev
                0x1000a55c       0x30 CMakeFiles/app.dir/home/ros/Pexahod/uROSws/src/pimoroni-pico/drivers/servo/servo_cluster.cpp.obj
                0x1000a55c                servo::ServoCluster::~ServoCluster()
                0x1000a55c                servo::ServoCluster::~ServoCluster()
 .text._ZN5servo12ServoCluster19create_servo_statesERKNS_11CalibrationEb
                0x1000a58c       0xd8 CMakeFiles/app.dir/home/ros/Pexahod/uROSws/src/pimoroni-pico/drivers/servo/servo_cluster.cpp.obj
                0x1000a58c                servo::ServoCluster::create_servo_states(servo::Calibration const&, bool)
 .text._ZN5servo12ServoClusterC2EP8pio_hw_tjjjRKNS_11CalibrationEfb
                0x1000a664       0x50 CMakeFiles/app.dir/home/ros/Pexahod/uROSws/src/pimoroni-pico/drivers/servo/servo_cluster.cpp.obj
                0x1000a664                servo::ServoCluster::ServoCluster(pio_hw_t*, unsigned int, unsigned int, unsigned int, servo::Calibration const&, float, bool)
                0x1000a664                servo::ServoCluster::ServoCluster(pio_hw_t*, unsigned int, unsigned int, unsigned int, servo::Calibration const&, float, bool)
 .text._ZN8pimoroni10PWMCluster21dma_interrupt_handlerEv
                0x1000a6b4       0xc8 CMakeFiles/app.dir/home/ros/Pexahod/uROSws/src/pimoroni-pico/drivers/pwm/pwm_cluster.cpp.obj
                0x1000a6b4                pimoroni::PWMCluster::dma_interrupt_handler()
 .text._ZNK8pimoroni10PWMCluster17populate_sequenceEPKNS0_14TransitionDataERKjRNS0_8SequenceERj.part.0
                0x1000a77c       0xe8 CMakeFiles/app.dir/home/ros/Pexahod/uROSws/src/pimoroni-pico/drivers/pwm/pwm_cluster.cpp.obj
 .text._ZN8pimoroni10PWMClusterC2EP8pio_hw_tjjjb
                0x1000a864      0x254 CMakeFiles/app.dir/home/ros/Pexahod/uROSws/src/pimoroni-pico/drivers/pwm/pwm_cluster.cpp.obj
                0x1000a864                pimoroni::PWMCluster::PWMCluster(pio_hw_t*, unsigned int, unsigned int, unsigned int, bool)
                0x1000a864                pimoroni::PWMCluster::PWMCluster(pio_hw_t*, unsigned int, unsigned int, unsigned int, bool)
 .text._ZN8pimoroni10PWMClusterD2Ev
                0x1000aab8      0x104 CMakeFiles/app.dir/home/ros/Pexahod/uROSws/src/pimoroni-pico/drivers/pwm/pwm_cluster.cpp.obj
                0x1000aab8                pimoroni::PWMCluster::~PWMCluster()
                0x1000aab8                pimoroni::PWMCluster::~PWMCluster()
 .text._ZN8pimoroni10PWMCluster4initEv
                0x1000abbc      0x268 CMakeFiles/app.dir/home/ros/Pexahod/uROSws/src/pimoroni-pico/drivers/pwm/pwm_cluster.cpp.obj
                0x1000abbc                pimoroni::PWMCluster::init()
 .text._ZNK8pimoroni10PWMCluster14get_chan_countEv
                0x1000ae24        0x4 CMakeFiles/app.dir/home/ros/Pexahod/uROSws/src/pimoroni-pico/drivers/pwm/pwm_cluster.cpp.obj
                0x1000ae24                pimoroni::PWMCluster::get_chan_count() const
 .text._ZN8pimoroni10PWMCluster19set_clkdiv_int_fracEth
                0x1000ae28       0x18 CMakeFiles/app.dir/home/ros/Pexahod/uROSws/src/pimoroni-pico/drivers/pwm/pwm_cluster.cpp.obj
                0x1000ae28                pimoroni::PWMCluster::set_clkdiv_int_frac(unsigned short, unsigned char)
 .text._ZN8pimoroni10PWMCluster8load_pwmEv
                0x1000ae40      0x680 CMakeFiles/app.dir/home/ros/Pexahod/uROSws/src/pimoroni-pico/drivers/pwm/pwm_cluster.cpp.obj
                0x1000ae40                pimoroni::PWMCluster::load_pwm()
 .text._ZN8pimoroni10PWMCluster14set_chan_levelEhmb
                0x1000b4c0       0x18 CMakeFiles/app.dir/home/ros/Pexahod/uROSws/src/pimoroni-pico/drivers/pwm/pwm_cluster.cpp.obj
                0x1000b4c0                pimoroni::PWMCluster::set_chan_level(unsigned char, unsigned long, bool)
 .text._ZN8pimoroni10PWMCluster15set_chan_offsetEhmb
                0x1000b4d8       0x18 CMakeFiles/app.dir/home/ros/Pexahod/uROSws/src/pimoroni-pico/drivers/pwm/pwm_cluster.cpp.obj
                0x1000b4d8                pimoroni::PWMCluster::set_chan_offset(unsigned char, unsigned long, bool)
 .text._ZN8pimoroni10PWMCluster8set_wrapEmb
                0x1000b4f0       0x1c CMakeFiles/app.dir/home/ros/Pexahod/uROSws/src/pimoroni-pico/drivers/pwm/pwm_cluster.cpp.obj
                0x1000b4f0                pimoroni::PWMCluster::set_wrap(unsigned long, bool)
 .text._ZN8pimoroni10PWMCluster21calculate_pwm_factorsEfRmS1_
                0x1000b50c      0x1cc CMakeFiles/app.dir/home/ros/Pexahod/uROSws/src/pimoroni-pico/drivers/pwm/pwm_cluster.cpp.obj
                0x1000b50c                pimoroni::PWMCluster::calculate_pwm_factors(float, unsigned long&, unsigned long&)
 .text.rcl_get_zero_initialized_publisher
                0x1000b6d8        0xc /home/ros/Pexahod/uROSws/src/micro-pexahod/libmicroros/libmicroros.a(librcl-publisher.c.obj)
                0x1000b6d8                rcl_get_zero_initialized_publisher
 .text.rcl_publisher_init
                0x1000b6e4      0x13c /home/ros/Pexahod/uROSws/src/micro-pexahod/libmicroros/libmicroros.a(librcl-publisher.c.obj)
                0x1000b6e4                rcl_publisher_init
 .text.rcl_publisher_get_default_options
                0x1000b820       0x74 /home/ros/Pexahod/uROSws/src/micro-pexahod/libmicroros/libmicroros.a(librcl-publisher.c.obj)
                0x1000b820                rcl_publisher_get_default_options
 .text.rcl_publish
                0x1000b894       0x4c /home/ros/Pexahod/uROSws/src/micro-pexahod/libmicroros/libmicroros.a(librcl-publisher.c.obj)
                0x1000b894                rcl_publish
 .text.rcl_publisher_is_valid
                0x1000b8e0       0x30 /home/ros/Pexahod/uROSws/src/micro-pexahod/libmicroros/libmicroros.a(librcl-publisher.c.obj)
                0x1000b8e0                rcl_publisher_is_valid
 .text.rcl_publisher_is_valid_except_context
                0x1000b910       0x1c /home/ros/Pexahod/uROSws/src/micro-pexahod/libmicroros/libmicroros.a(librcl-publisher.c.obj)
                0x1000b910                rcl_publisher_is_valid_except_context
 .text._rclc_check_for_new_data
                0x1000b92c       0x94 /home/ros/Pexahod/uROSws/src/micro-pexahod/libmicroros/libmicroros.a(librclc-executor.c.obj)
 .text._rclc_take_new_data
                0x1000b9c0      0x2dc /home/ros/Pexahod/uROSws/src/micro-pexahod/libmicroros/libmicroros.a(librclc-executor.c.obj)
 .text.rclc_executor_trigger_any
                0x1000bc9c       0x6c /home/ros/Pexahod/uROSws/src/micro-pexahod/libmicroros/libmicroros.a(librclc-executor.c.obj)
                0x1000bc9c                rclc_executor_trigger_any
 .text._rclc_execute
                0x1000bd08      0x300 /home/ros/Pexahod/uROSws/src/micro-pexahod/libmicroros/libmicroros.a(librclc-executor.c.obj)
 .text.rclc_executor_init
                0x1000c008       0xc0 /home/ros/Pexahod/uROSws/src/micro-pexahod/libmicroros/libmicroros.a(librclc-executor.c.obj)
                0x1000c008                rclc_executor_init
 .text.rclc_executor_add_timer
                0x1000c0c8       0x54 /home/ros/Pexahod/uROSws/src/micro-pexahod/libmicroros/libmicroros.a(librclc-executor.c.obj)
                0x1000c0c8                rclc_executor_add_timer
 .text.rclc_executor_prepare
                0x1000c11c       0x8c /home/ros/Pexahod/uROSws/src/micro-pexahod/libmicroros/libmicroros.a(librclc-executor.c.obj)
                0x1000c11c                rclc_executor_prepare
 .text.rclc_executor_spin_some
                0x1000c1a8      0x2d0 /home/ros/Pexahod/uROSws/src/micro-pexahod/libmicroros/libmicroros.a(librclc-executor.c.obj)
                0x1000c1a8                rclc_executor_spin_some
 .text.rclc_executor_handle_counters_zero_init
                0x1000c478       0x18 /home/ros/Pexahod/uROSws/src/micro-pexahod/libmicroros/libmicroros.a(librclc-executor_handle.c.obj)
                0x1000c478                rclc_executor_handle_counters_zero_init
 .text.rclc_executor_handle_init
                0x1000c490       0x20 /home/ros/Pexahod/uROSws/src/micro-pexahod/libmicroros/libmicroros.a(librclc-executor_handle.c.obj)
                0x1000c490                rclc_executor_handle_init
 .text.rclc_support_init
                0x1000c4b0       0x94 /home/ros/Pexahod/uROSws/src/micro-pexahod/libmicroros/libmicroros.a(librclc-init.c.obj)
                0x1000c4b0                rclc_support_init
 .text.rclc_node_init_default
                0x1000c544       0x74 /home/ros/Pexahod/uROSws/src/micro-pexahod/libmicroros/libmicroros.a(librclc-node.c.obj)
                0x1000c544                rclc_node_init_default
 .text.rclc_publisher_init_default
                0x1000c5b8       0x68 /home/ros/Pexahod/uROSws/src/micro-pexahod/libmicroros/libmicroros.a(librclc-publisher.c.obj)
                0x1000c5b8                rclc_publisher_init_default
 .text.rclc_timer_init_default2
                0x1000c620       0x70 /home/ros/Pexahod/uROSws/src/micro-pexahod/libmicroros/libmicroros.a(librclc-timer.c.obj)
                0x1000c620                rclc_timer_init_default2
 .text.__default_zero_allocate
                0x1000c690        0x8 /home/ros/Pexahod/uROSws/src/micro-pexahod/libmicroros/libmicroros.a(librcutils-allocator.c.obj)
 .text.__default_reallocate
                0x1000c698        0x8 /home/ros/Pexahod/uROSws/src/micro-pexahod/libmicroros/libmicroros.a(librcutils-allocator.c.obj)
 .text.__default_deallocate
                0x1000c6a0        0x8 /home/ros/Pexahod/uROSws/src/micro-pexahod/libmicroros/libmicroros.a(librcutils-allocator.c.obj)
 .text.__default_allocate
                0x1000c6a8        0x8 /home/ros/Pexahod/uROSws/src/micro-pexahod/libmicroros/libmicroros.a(librcutils-allocator.c.obj)
 .text.rcutils_get_zero_initialized_allocator
                0x1000c6b0       0x14 /home/ros/Pexahod/uROSws/src/micro-pexahod/libmicroros/libmicroros.a(librcutils-allocator.c.obj)
                0x1000c6b0                rcutils_get_zero_initialized_allocator
 .text.rcutils_get_default_allocator
                0x1000c6c4       0x14 /home/ros/Pexahod/uROSws/src/micro-pexahod/libmicroros/libmicroros.a(librcutils-allocator.c.obj)
                0x1000c6c4                rcutils_get_default_allocator
 .text.rcutils_allocator_is_valid
                0x1000c6d8       0x24 /home/ros/Pexahod/uROSws/src/micro-pexahod/libmicroros/libmicroros.a(librcutils-allocator.c.obj)
                0x1000c6d8                rcutils_allocator_is_valid
 .text.rcutils_get_error_string
                0x1000c6fc       0x34 /home/ros/Pexahod/uROSws/src/micro-pexahod/libmicroros/libmicroros.a(librcutils-error_handling.c.obj)
                0x1000c6fc                rcutils_get_error_string
 .text.rcutils_reset_error
                0x1000c730       0x38 /home/ros/Pexahod/uROSws/src/micro-pexahod/libmicroros/libmicroros.a(librcutils-error_handling.c.obj)
                0x1000c730                rcutils_reset_error
 .text.rcutils_system_time_now
                0x1000c768       0x58 /home/ros/Pexahod/uROSws/src/micro-pexahod/libmicroros/libmicroros.a(librcutils-time_unix.c.obj)
                0x1000c768                rcutils_system_time_now
 .text.rcutils_steady_time_now
                0x1000c7c0       0x58 /home/ros/Pexahod/uROSws/src/micro-pexahod/libmicroros/libmicroros.a(librcutils-time_unix.c.obj)
                0x1000c7c0                rcutils_steady_time_now
 .text.rmw_get_default_publisher_options
                0x1000c818        0x8 /home/ros/Pexahod/uROSws/src/micro-pexahod/libmicroros/libmicroros.a(librmw-publisher_options.c.obj)
                0x1000c818                rmw_get_default_publisher_options
 .text.rmw_uros_set_custom_transport
                0x1000c820       0x34 /home/ros/Pexahod/uROSws/src/micro-pexahod/libmicroros/libmicroros.a(librmw_microxrcedds-custom_transport.c.obj)
                0x1000c820                rmw_uros_set_custom_transport
 .text.rmw_uros_ping_agent
                0x1000c854       0xa0 /home/ros/Pexahod/uROSws/src/micro-pexahod/libmicroros/libmicroros.a(librmw_microxrcedds-ping.c.obj)
                0x1000c854                rmw_uros_ping_agent
 .text.flush_session
                0x1000c8f4        0xc /home/ros/Pexahod/uROSws/src/micro-pexahod/libmicroros/libmicroros.a(librmw_microxrcedds-rmw_publish.c.obj)
                0x1000c8f4                flush_session
 .text.rmw_publish
                0x1000c900       0xd0 /home/ros/Pexahod/uROSws/src/micro-pexahod/libmicroros/libmicroros.a(librmw_microxrcedds-rmw_publish.c.obj)
                0x1000c900                rmw_publish
 .text.rmw_create_publisher
                0x1000c9d0      0x204 /home/ros/Pexahod/uROSws/src/micro-pexahod/libmicroros/libmicroros.a(librmw_microxrcedds-rmw_publisher.c.obj)
                0x1000c9d0                rmw_create_publisher
 .text.rmw_publisher_get_actual_qos
                0x1000cbd4       0x20 /home/ros/Pexahod/uROSws/src/micro-pexahod/libmicroros/libmicroros.a(librmw_microxrcedds-rmw_publisher.c.obj)
                0x1000cbd4                rmw_publisher_get_actual_qos
 .text.rmw_destroy_publisher
                0x1000cbf4       0xe4 /home/ros/Pexahod/uROSws/src/micro-pexahod/libmicroros/libmicroros.a(librmw_microxrcedds-rmw_publisher.c.obj)
                0x1000cbf4                rmw_destroy_publisher
 .text.rmw_uxrce_transport_init
                0x1000ccd8       0x2c /home/ros/Pexahod/uROSws/src/micro-pexahod/libmicroros/libmicroros.a(librmw_microxrcedds-rmw_uxrce_transports.c.obj)
                0x1000ccd8                rmw_uxrce_transport_init
 .text.rmw_uxrce_init_service_memory
                0x1000cd04       0x48 /home/ros/Pexahod/uROSws/src/micro-pexahod/libmicroros/libmicroros.a(librmw_microxrcedds-types.c.obj)
                0x1000cd04                rmw_uxrce_init_service_memory
 .text.rmw_uxrce_init_client_memory
                0x1000cd4c       0x48 /home/ros/Pexahod/uROSws/src/micro-pexahod/libmicroros/libmicroros.a(librmw_microxrcedds-types.c.obj)
                0x1000cd4c                rmw_uxrce_init_client_memory
 .text.rmw_uxrce_init_publisher_memory
                0x1000cd94       0x48 /home/ros/Pexahod/uROSws/src/micro-pexahod/libmicroros/libmicroros.a(librmw_microxrcedds-types.c.obj)
                0x1000cd94                rmw_uxrce_init_publisher_memory
 .text.rmw_uxrce_init_subscription_memory
                0x1000cddc       0x48 /home/ros/Pexahod/uROSws/src/micro-pexahod/libmicroros/libmicroros.a(librmw_microxrcedds-types.c.obj)
                0x1000cddc                rmw_uxrce_init_subscription_memory
 .text.rmw_uxrce_init_node_memory
                0x1000ce24       0x48 /home/ros/Pexahod/uROSws/src/micro-pexahod/libmicroros/libmicroros.a(librmw_microxrcedds-types.c.obj)
                0x1000ce24                rmw_uxrce_init_node_memory
 .text.rmw_uxrce_init_session_memory
                0x1000ce6c       0x50 /home/ros/Pexahod/uROSws/src/micro-pexahod/libmicroros/libmicroros.a(librmw_microxrcedds-types.c.obj)
                0x1000ce6c                rmw_uxrce_init_session_memory
 .text.rmw_uxrce_init_topic_memory